<html>
<body>
<pre>
<h1>µVision Build Log</h1>
<h2>Tool Versions:</h2>
IDE-Version: £gVision V5.16.0.0
Copyright (C) 2015 ARM Ltd and ARM Germany GmbH. All rights reserved.
License Information: w Microsoft, Microsoft, LIC=----
 
Tool Versions:
Toolchain:       MDK-Lite  Version: 5.16.0.0
Toolchain Path:  C:\Keil_v5\ARM\ARMCC\Bin
C Compiler:      Armcc.exe V5.06 (build 20)
Assembler:       Armasm.exe V5.06 (build 20)
Linker/Locator:  ArmLink.exe V5.06 (build 20)
Library Manager: ArmAr.exe V5.06 (build 20)
Hex Converter:   FromElf.exe V5.06 (build 20)
CPU DLL:         SARMCM3.DLL V5.16.0.0
Dialog DLL:      DARMCM1.DLL V1.12.0.0
Target DLL:      Segger\JL2CM3.dll V2.99.15.2
Dialog DLL:      TARMCM1.DLL V1.9.0.0
 
<h2>Project:</h2>
C:\Users\User\Desktop\keyboard\keyboard.uvprojx
Project File Date:  10/23/2019

<h2>Output:</h2>
*** Using Compiler 'V5.06 (build 20)', folder: 'C:\Keil_v5\ARM\ARMCC\Bin'
Rebuild target 'Target 1'
compiling main.c...
compiling hid_kb.c...
compiling descriptors.c...
compiling RFinput.c...
compiling clk.c...
compiling fmc.c...
compiling sys.c...
compiling usbd.c...
compiling retarget.c...
assembling startup_Nano100Series.s...
compiling system_Nano100Series.c...
compiling spi.c...
linking...
Program Size: Code=7728 RO-data=296 RW-data=344 ZI-data=2656  
".\Objects\keyboard.axf" - 0 Error(s), 0 Warning(s).

<h2>Software Packages used:</h2>

Package Vendor: ARM
                http://www.keil.com/pack/ARM.CMSIS.4.3.0.pack
                ARM::CMSIS:CORE:4.1.0
                CMSIS (Cortex Microcontroller Software Interface Standard)
   * Component: CORE Version: 4.1.0

Package Vendor: Nuvoton
                http://www.nuvoton.com/hq/enu/Documents/KEILSoftwarePack/Nuvoton.NuMicro_DFP.1.0.7.pack
                Nuvoton::Device:Startup:3.01.000
                Nuvoton ARM Cortex-M NuMicro Family Device Support
   * Component: Startup Version: 3.01.000
   * Component: CLK Version: 3.01.000
   * Component: FMC Version: 3.01.000
   * Component: SPI Version: 3.01.000
   * Component: SYS Version: 3.01.000
   * Component: USB Version: 3.01.000

<h2>Collection of Component include folders:</h2>
  C:\Users\User\Desktop\keyboard\RTE
  C:\Keil_v5\ARM\PACK\ARM\CMSIS\4.3.0\CMSIS\Include
  C:\Keil_v5\ARM\PACK\Nuvoton\NuMicro_DFP\1.0.7\Device\NANO100BN\Driver
  C:\Keil_v5\ARM\PACK\Nuvoton\NuMicro_DFP\1.0.7\Device\NANO100BN\Include

<h2>Collection of Component Files used:</h2>

   * Component: ARM::CMSIS:CORE:4.1.0

   * Component: Nuvoton::Device:Startup:3.01.000
      Include file:  Device\NANO100BN\Include\Nano100Series.h
      Source file:   Device\NANO100BN\Source\ARM\startup_Nano100Series.s
      Source file:   Device\NANO100BN\Source\system_Nano100Series.c
      Source file:   Device\NANO100BN\Driver\retarget.c

   * Component: Nuvoton::Device:Driver:CLK:3.01.000
      Include file:  Device\NANO100BN\Driver\clk.h
      Source file:   Device\NANO100BN\Driver\clk.c

   * Component: Nuvoton::Device:Driver:FMC:3.01.000
      Include file:  Device\NANO100BN\Driver\fmc.h
      Source file:   Device\NANO100BN\Driver\fmc.c

   * Component: Nuvoton::Device:Driver:SPI:3.01.000
      Include file:  Device\NANO100BN\Driver\spi.h
      Source file:   Device\NANO100BN\Driver\spi.c

   * Component: Nuvoton::Device:Driver:SYS:3.01.000
      Include file:  Device\NANO100BN\Driver\sys.h
      Source file:   Device\NANO100BN\Driver\sys.c

   * Component: Nuvoton::Device:Driver:USB:3.01.000
      Include file:  Device\NANO100BN\Driver\usbd.h
      Source file:   Device\NANO100BN\Driver\usbd.c
Build Time Elapsed:  00:00:04
</pre>
</body>
</html>
