Component: ARM Compiler 5.06 (build 20) Tool: armlink [4d35a3]

==============================================================================

Section Cross References

    main.o(i.HID_Send) refers to main.o(.data) for g_u8EP2Ready
    main.o(i.SYS_Init) refers to main.o(i.SYS_UnlockReg) for SYS_UnlockReg
    main.o(i.SYS_Init) refers to clk.o(i.CLK_EnableXtalRC) for CLK_EnableXtalRC
    main.o(i.SYS_Init) refers to clk.o(i.CLK_EnablePLL) for CLK_EnablePLL
    main.o(i.SYS_Init) refers to clk.o(i.CLK_WaitClockReady) for CLK_WaitClockReady
    main.o(i.SYS_Init) refers to clk.o(i.CLK_SetHCLK) for CLK_SetHCLK
    main.o(i.SYS_Init) refers to clk.o(i.CLK_SetModuleClock) for CLK_SetModuleClock
    main.o(i.SYS_Init) refers to clk.o(i.CLK_EnableModuleClock) for CLK_EnableModuleClock
    main.o(i.SysTick_Handler) refers to main.o(.data) for tick
    main.o(i.UART0_Init) refers to sys.o(i.SYS_ResetModule) for SYS_ResetModule
    main.o(i.delay_ms) refers to main.o(.data) for tick
    main.o(i.init) refers to system_nano100series.o(i.SystemCoreClockUpdate) for SystemCoreClockUpdate
    main.o(i.init) refers to aeabi_sdiv.o(.text) for __aeabi_uidivmod
    main.o(i.init) refers to main.o(i.NVIC_SetPriority) for NVIC_SetPriority
    main.o(i.init) refers to rfinput.o(i.nrf_init) for nrf_init
    main.o(i.init) refers to system_nano100series.o(.data) for SystemCoreClock
    main.o(i.init) refers to main.o(.constdata) for .constdata
    main.o(i.main) refers to main.o(i.SYS_UnlockReg) for SYS_UnlockReg
    main.o(i.main) refers to main.o(i.SYS_Init) for SYS_Init
    main.o(i.main) refers to main.o(i.UART0_Init) for UART0_Init
    main.o(i.main) refers to noretval__2printf.o(.text) for __2printf
    main.o(i.main) refers to usbd.o(i.USBD_Open) for USBD_Open
    main.o(i.main) refers to hid_kb.o(i.HID_Init) for HID_Init
    main.o(i.main) refers to usbd.o(i.USBD_Start) for USBD_Start
    main.o(i.main) refers to main.o(i.init) for init
    main.o(i.main) refers to main.o(i.delay_ms) for delay_ms
    main.o(i.main) refers to main.o(i.sw2) for sw2
    main.o(i.main) refers to rfinput.o(i.nrf_input) for nrf_input
    main.o(i.main) refers to main.o(i.HID_Send) for HID_Send
    main.o(i.main) refers to hid_kb.o(i.HID_ClassRequest) for HID_ClassRequest
    main.o(i.main) refers to descriptors.o(.data) for gsInfo
    main.o(i.main) refers to main.o(.data) for g_u8EP2Ready
    main.o(i.sw2) refers to main.o(i.HID_Send) for HID_Send
    main.o(i.sw2) refers to main.o(.data) for sta
    hid_kb.o(i.EP2_Handler) refers to main.o(.data) for g_u8EP2Ready
    hid_kb.o(i.HID_ClassRequest) refers to usbd.o(i.USBD_GetSetupPacket) for USBD_GetSetupPacket
    hid_kb.o(i.HID_ClassRequest) refers to hid_kb.o(i.USBD_SetStall) for USBD_SetStall
    hid_kb.o(i.HID_ClassRequest) refers to usbd.o(i.USBD_PrepareCtrlIn) for USBD_PrepareCtrlIn
    hid_kb.o(i.USBD_IRQHandler) refers to usbd.o(i.USBD_SwReset) for USBD_SwReset
    hid_kb.o(i.USBD_IRQHandler) refers to usbd.o(i.USBD_ProcessSetupPacket) for USBD_ProcessSetupPacket
    hid_kb.o(i.USBD_IRQHandler) refers to usbd.o(i.USBD_CtrlIn) for USBD_CtrlIn
    hid_kb.o(i.USBD_IRQHandler) refers to usbd.o(i.USBD_CtrlOut) for USBD_CtrlOut
    hid_kb.o(i.USBD_IRQHandler) refers to hid_kb.o(i.EP2_Handler) for EP2_Handler
    rfinput.o(i.init_spi) refers to clk.o(i.CLK_SetModuleClock) for CLK_SetModuleClock
    rfinput.o(i.init_spi) refers to clk.o(i.CLK_EnableModuleClock) for CLK_EnableModuleClock
    rfinput.o(i.init_spi) refers to spi.o(i.SPI_Open) for SPI_Open
    rfinput.o(i.init_spi) refers to spi.o(i.SPI_EnableFIFO) for SPI_EnableFIFO
    rfinput.o(i.nrf_config) refers to rfinput.o(i.spi_setreg) for spi_setreg
    rfinput.o(i.nrf_config) refers to aeabi_sdiv.o(.text) for __aeabi_idivmod
    rfinput.o(i.nrf_config) refers to rfinput.o(.data) for aa
    rfinput.o(i.nrf_init) refers to rfinput.o(i.init_spi) for init_spi
    rfinput.o(i.nrf_init) refers to rfinput.o(i.nrf_config) for nrf_config
    rfinput.o(i.nrf_init) refers to rfinput.o(i.spi_setaddr) for spi_setaddr
    rfinput.o(i.nrf_init) refers to rfinput.o(i.spi_cmd) for spi_cmd
    rfinput.o(i.nrf_init) refers to rfinput.o(i.spi_setreg) for spi_setreg
    rfinput.o(i.nrf_init) refers to rfinput.o(.data) for _pw
    rfinput.o(i.nrf_input) refers to rfinput.o(i.spi_getreg) for spi_getreg
    rfinput.o(i.nrf_input) refers to rfinput.o(i.spi) for spi
    rfinput.o(i.nrf_input) refers to rfinput.o(i.spi_cmd) for spi_cmd
    rfinput.o(i.nrf_input) refers to rfinput.o(i.spi_setreg) for spi_setreg
    rfinput.o(i.nrf_output) refers to rfinput.o(i.spi_setreg) for spi_setreg
    rfinput.o(i.nrf_output) refers to rfinput.o(i.spi_cmd) for spi_cmd
    rfinput.o(i.nrf_output) refers to rfinput.o(i.spi) for spi
    rfinput.o(i.nrf_output) refers to rfinput.o(i.spi_getreg) for spi_getreg
    rfinput.o(i.nrf_output) refers to rfinput.o(.data) for _pw
    rfinput.o(i.spi_cmd) refers to rfinput.o(i.spi) for spi
[...]
    retarget.o(.emb_text) refers to retarget.o(i.Hard_Fault_Handler) for Hard_Fault_Handler
    retarget.o(i.Hard_Fault_Handler) refers to noretval__2printf.o(.text) for __2printf
    retarget.o(i.Hard_Fault_Handler) refers to retarget.o(i.stackDump) for stackDump
    retarget.o(i.SendChar) refers to retarget.o(i.SendChar_ToUART) for SendChar_ToUART
    retarget.o(i._ttywrch) refers to retarget.o(i.SendChar) for SendChar
    retarget.o(i.fgetc) refers to retarget.o(i.GetChar) for GetChar
    retarget.o(i.fputc) refers to retarget.o(i.SendChar) for SendChar
    retarget.o(i.stackDump) refers to _printf_percent.o(.ARM.Collect$$_printf_percent$$00000000) for _printf_percent
    retarget.o(i.stackDump) refers to _printf_x.o(.ARM.Collect$$_printf_percent$$0000000C) for _printf_x
    retarget.o(i.stackDump) refers to _printf_hex_int.o(.text) for _printf_longlong_hex
    retarget.o(i.stackDump) refers to noretval__2printf.o(.text) for __2printf
    startup_nano100series.o(STACK) refers (Special) to heapauxi.o(.text) for __use_two_region_memory
    startup_nano100series.o(HEAP) refers (Special) to heapauxi.o(.text) for __use_two_region_memory
    startup_nano100series.o(RESET) refers (Special) to heapauxi.o(.text) for __use_two_region_memory
    startup_nano100series.o(RESET) refers to startup_nano100series.o(STACK) for __initial_sp
    startup_nano100series.o(RESET) refers to startup_nano100series.o(.text) for Reset_Handler
    startup_nano100series.o(RESET) refers to retarget.o(.emb_text) for HardFault_Handler
    startup_nano100series.o(RESET) refers to main.o(i.SysTick_Handler) for SysTick_Handler
    startup_nano100series.o(RESET) refers to rfinput.o(i.SPI0_IRQHandler) for SPI0_IRQHandler
    startup_nano100series.o(RESET) refers to hid_kb.o(i.USBD_IRQHandler) for USBD_IRQHandler
    startup_nano100series.o(.text) refers (Special) to heapauxi.o(.text) for __use_two_region_memory
    startup_nano100series.o(.text) refers to __main.o(!!!main) for __main
    startup_nano100series.o(.text) refers to startup_nano100series.o(HEAP) for Heap_Mem
    startup_nano100series.o(.text) refers to startup_nano100series.o(STACK) for Stack_Mem
    system_nano100series.o(i.SysGet_HCLKFreq) refers to system_nano100series.o(i.SysGet_PLLClockFreq) for SysGet_PLLClockFreq
    system_nano100series.o(i.SysGet_HCLKFreq) refers to aeabi_sdiv.o(.text) for __aeabi_uidivmod
    system_nano100series.o(i.SysGet_PLLClockFreq) refers to aeabi_sdiv.o(.text) for __aeabi_uidivmod
    system_nano100series.o(i.SystemCoreClockUpdate) refers to system_nano100series.o(i.SysGet_HCLKFreq) for SysGet_HCLKFreq
    system_nano100series.o(i.SystemCoreClockUpdate) refers to aeabi_sdiv.o(.text) for __aeabi_uidivmod
    system_nano100series.o(i.SystemCoreClockUpdate) refers to system_nano100series.o(.data) for SystemCoreClock
    spi.o(i.SPI_GetBusClock) refers to clk.o(i.CLK_GetHCLKFreq) for CLK_GetHCLKFreq
    spi.o(i.SPI_GetBusClock) refers to clk.o(i.CLK_GetPLLClockFreq) for CLK_GetPLLClockFreq
    spi.o(i.SPI_GetBusClock) refers to aeabi_sdiv.o(.text) for __aeabi_uidivmod
    spi.o(i.SPI_Open) refers to spi.o(i.SPI_SetBusClock) for SPI_SetBusClock
    spi.o(i.SPI_SetBusClock) refers to clk.o(i.CLK_GetHCLKFreq) for CLK_GetHCLKFreq
    spi.o(i.SPI_SetBusClock) refers to clk.o(i.CLK_GetPLLClockFreq) for CLK_GetPLLClockFreq
    spi.o(i.SPI_SetBusClock) refers to aeabi_sdiv.o(.text) for __aeabi_uidivmod
    __2printf.o(.text) refers to _printf_char_file.o(.text) for _printf_char_file
    __2printf.o(.text) refers to retarget.o(.data) for __stdout
    noretval__2printf.o(.text) refers to _printf_char_file.o(.text) for _printf_char_file
    noretval__2printf.o(.text) refers to retarget.o(.data) for __stdout
    __printf.o(.text) refers to _printf_percent.o(.ARM.Collect$$_printf_percent$$00000000) for _printf_percent
    _printf_hex_ll.o(.text) refers to _printf_intcommon.o(.text) for _printf_int_common
    _printf_hex_ll.o(.text) refers to _printf_hex_ll.o(.constdata) for .constdata
    _printf_hex_int.o(.text) refers to _printf_intcommon.o(.text) for _printf_int_common
    _printf_hex_int.o(.text) refers to _printf_hex_int.o(.constdata) for .constdata
    _printf_hex_int_ll.o(.text) refers to _printf_intcommon.o(.text) for _printf_int_common
    _printf_hex_int_ll.o(.text) refers to _printf_hex_int_ll.o(.constdata) for .constdata
    _printf_hex_ptr.o(.text) refers to _printf_intcommon.o(.text) for _printf_int_common
    _printf_hex_ptr.o(.text) refers to _printf_hex_ptr.o(.constdata) for .constdata
    _printf_hex_int_ptr.o(.text) refers to _printf_intcommon.o(.text) for _printf_int_common
    _printf_hex_int_ptr.o(.text) refers to _printf_hex_int_ptr.o(.constdata) for .constdata
    _printf_hex_ll_ptr.o(.text) refers to _printf_intcommon.o(.text) for _printf_int_common
    _printf_hex_ll_ptr.o(.text) refers to _printf_hex_ll_ptr.o(.constdata) for .constdata
    _printf_hex_int_ll_ptr.o(.text) refers to _printf_intcommon.o(.text) for _printf_int_common
    _printf_hex_int_ll_ptr.o(.text) refers to _printf_hex_int_ll_ptr.o(.constdata) for .constdata
    __printf_flags.o(.text) refers to _printf_percent.o(.ARM.Collect$$_printf_percent$$00000000) for _printf_percent
    __printf_flags.o(.text) refers to __printf_flags.o(.constdata) for .constdata
    __printf_ss.o(.text) refers to _printf_percent.o(.ARM.Collect$$_printf_percent$$00000000) for _printf_percent
    __printf_flags_ss.o(.text) refers to _printf_percent.o(.ARM.Collect$$_printf_percent$$00000000) for _printf_percent
    __printf_flags_ss.o(.text) refers to __printf_flags_ss.o(.constdata) for .constdata
    __printf_wp.o(.text) refers to __printf_wp.o(i._is_digit) for _is_digit
    __printf_wp.o(.text) refers to _printf_percent.o(.ARM.Collect$$_printf_percent$$00000000) for _printf_percent
    __printf_flags_wp.o(.text) refers to __printf_wp.o(i._is_digit) for _is_digit
    __printf_flags_wp.o(.text) refers to _printf_percent.o(.ARM.Collect$$_printf_percent$$00000000) for _printf_percent
    __printf_flags_wp.o(.text) refers to __printf_flags_wp.o(.constdata) for .constdata
    __printf_ss_wp.o(.text) refers to __printf_wp.o(i._is_digit) for _is_digit
    __printf_ss_wp.o(.text) refers to _printf_percent.o(.ARM.Collect$$_printf_percent$$00000000) for _printf_percent
    __printf_flags_ss_wp.o(.text) refers to __printf_wp.o(i._is_digit) for _is_digit
    __printf_flags_ss_wp.o(.text) refers to _printf_percent.o(.ARM.Collect$$_printf_percent$$00000000) for _printf_percent
    __printf_flags_ss_wp.o(.text) refers to __printf_flags_ss_wp.o(.constdata) for .constdata
    _printf_x.o(.ARM.Collect$$_printf_percent$$0000000C) refers (Weak) to _printf_hex_int.o(.text) for _printf_int_hex
    _printf_percent.o(.ARM.Collect$$_printf_percent$$00000000) refers (Special) to _printf_percent_end.o(.ARM.Collect$$_printf_percent$$00000017) for _printf_percent_end
    __main.o(!!!main) refers to __rtentry.o(.ARM.Collect$$rtentry$$00000000) for __rt_entry
    __rtentry.o(.ARM.Collect$$rtentry$$00000000) refers (Special) to __rtentry2.o(.ARM.Collect$$rtentry$$0000000A) for __rt_entry_li
    __rtentry.o(.ARM.Collect$$rtentry$$00000000) refers (Special) to __rtentry2.o(.ARM.Collect$$rtentry$$0000000D) for __rt_entry_main
    __rtentry.o(.ARM.Collect$$rtentry$$00000000) refers (Special) to __rtentry2.o(.ARM.Collect$$rtentry$$0000000C) for __rt_entry_postli_1
    __rtentry.o(.ARM.Collect$$rtentry$$00000000) refers (Special) to __rtentry2.o(.ARM.Collect$$rtentry$$00000009) for __rt_entry_postsh_1
    __rtentry.o(.ARM.Collect$$rtentry$$00000000) refers (Special) to __rtentry2.o(.ARM.Collect$$rtentry$$00000002) for __rt_entry_presh_1
    __rtentry.o(.ARM.Collect$$rtentry$$00000000) refers (Special) to __rtentry4.o(.ARM.Collect$$rtentry$$00000004) for __rt_entry_sh
    aeabi_idiv0_sigfpe.o(.text) refers to rt_div0.o(.text) for __rt_div0
    _printf_char_file.o(.text) refers to _printf_char_common.o(.text) for _printf_char_common
    _printf_char_file.o(.text) refers to retarget.o(i.ferror) for ferror
    _printf_char_file.o(.text) refers to retarget.o(i.fputc) for fputc
    __rtentry2.o(.ARM.Collect$$rtentry$$00000008) refers to boardinit2.o(.text) for _platform_post_stackheap_init
    __rtentry2.o(.ARM.Collect$$rtentry$$0000000A) refers to libinit.o(.ARM.Collect$$libinit$$00000000) for __rt_lib_init
    __rtentry2.o(.ARM.Collect$$rtentry$$0000000B) refers to boardinit3.o(.text) for _platform_post_lib_init
    __rtentry2.o(.ARM.Collect$$rtentry$$0000000D) refers to main.o(i.main) for main
    __rtentry2.o(.ARM.Collect$$rtentry$$0000000D) refers to exit.o(.text) for exit
    __rtentry2.o(.ARM.exidx) refers to __rtentry2.o(.ARM.Collect$$rtentry$$00000001) for .ARM.Collect$$rtentry$$00000001
    __rtentry2.o(.ARM.exidx) refers to __rtentry2.o(.ARM.Collect$$rtentry$$00000008) for .ARM.Collect$$rtentry$$00000008
    __rtentry2.o(.ARM.exidx) refers to __rtentry2.o(.ARM.Collect$$rtentry$$0000000A) for .ARM.Collect$$rtentry$$0000000A
    __rtentry2.o(.ARM.exidx) refers to __rtentry2.o(.ARM.Collect$$rtentry$$0000000B) for .ARM.Collect$$rtentry$$0000000B
    __rtentry2.o(.ARM.exidx) refers to __rtentry2.o(.ARM.Collect$$rtentry$$0000000D) for .ARM.Collect$$rtentry$$0000000D
    __rtentry4.o(.ARM.Collect$$rtentry$$00000004) refers to sys_stackheap_outer.o(.text) for __user_setup_stackheap
    __rtentry4.o(.ARM.exidx) refers to __rtentry4.o(.ARM.Collect$$rtentry$$00000004) for .ARM.Collect$$rtentry$$00000004
    rt_div0.o(.text) refers to defsig_fpe_outer.o(.text) for __rt_SIGFPE
    _printf_char_common.o(.text) refers to __printf_wp.o(.text) for __printf
    sys_stackheap_outer.o(.text) refers to libspace.o(.text) for __user_perproc_libspace
    sys_stackheap_outer.o(.text) refers to startup_nano100series.o(.text) for __user_initial_stackheap
    sys_stackheap_outer.o(__vectab_stack_and_reset_area) refers to tempstk.o(.text) for __temporary_stack_top
    sys_stackheap_outer.o(__vectab_stack_and_reset_area) refers to __main.o(!!!main) for __main
    exit.o(.text) refers to rtexit.o(.ARM.Collect$$rtexit$$00000000) for __rt_exit
    defsig_fpe_outer.o(.text) refers to defsig_fpe_inner.o(.text) for __rt_SIGFPE_inner
    defsig_fpe_outer.o(.text) refers to defsig_exit.o(.text) for __sig_exit
    defsig_fpe_formal.o(.text) refers to rt_raise.o(.text) for __rt_raise
    libinit.o(.ARM.Collect$$libinit$$00000000) refers (Special) to libinit2.o(.ARM.Collect$$libinit$$0000002E) for __rt_lib_init_alloca_1
    libinit.o(.ARM.Collect$$libinit$$00000000) refers (Special) to libinit2.o(.ARM.Collect$$libinit$$0000002C) for __rt_lib_init_argv_1
    libinit.o(.ARM.Collect$$libinit$$00000000) refers (Special) to libinit2.o(.ARM.Collect$$libinit$$0000001B) for __rt_lib_init_atexit_1
    libinit.o(.ARM.Collect$$libinit$$00000000) refers (Special) to libinit2.o(.ARM.Collect$$libinit$$00000021) for __rt_lib_init_clock_1
    libinit.o(.ARM.Collect$$libinit$$00000000) refers (Special) to libinit2.o(.ARM.Collect$$libinit$$00000032) for __rt_lib_init_cpp_1
    libinit.o(.ARM.Collect$$libinit$$00000000) refers (Special) to libinit2.o(.ARM.Collect$$libinit$$00000030) for __rt_lib_init_exceptions_1
    libinit.o(.ARM.Collect$$libinit$$00000000) refers (Special) to libinit2.o(.ARM.Collect$$libinit$$00000002) for __rt_lib_init_fp_1
    libinit.o(.ARM.Collect$$libinit$$00000000) refers (Special) to libinit2.o(.ARM.Collect$$libinit$$0000001F) for __rt_lib_init_fp_trap_1
    libinit.o(.ARM.Collect$$libinit$$00000000) refers (Special) to libinit2.o(.ARM.Collect$$libinit$$00000023) for __rt_lib_init_getenv_1
    libinit.o(.ARM.Collect$$libinit$$00000000) refers (Special) to libinit2.o(.ARM.Collect$$libinit$$0000000A) for __rt_lib_init_heap_1
    libinit.o(.ARM.Collect$$libinit$$00000000) refers (Special) to libinit2.o(.ARM.Collect$$libinit$$00000011) for __rt_lib_init_lc_collate_1
    libinit.o(.ARM.Collect$$libinit$$00000000) refers (Special) to libinit2.o(.ARM.Collect$$libinit$$00000013) for __rt_lib_init_lc_ctype_1
    libinit.o(.ARM.Collect$$libinit$$00000000) refers (Special) to libinit2.o(.ARM.Collect$$libinit$$00000015) for __rt_lib_init_lc_monetary_1
    libinit.o(.ARM.Collect$$libinit$$00000000) refers (Special) to libinit2.o(.ARM.Collect$$libinit$$00000017) for __rt_lib_init_lc_numeric_1
    libinit.o(.ARM.Collect$$libinit$$00000000) refers (Special) to libinit2.o(.ARM.Collect$$libinit$$00000019) for __rt_lib_init_lc_time_1
    libinit.o(.ARM.Collect$$libinit$$00000000) refers (Special) to libinit2.o(.ARM.Collect$$libinit$$00000004) for __rt_lib_init_preinit_1
    libinit.o(.ARM.Collect$$libinit$$00000000) refers (Special) to libinit2.o(.ARM.Collect$$libinit$$0000000E) for __rt_lib_init_rand_1
    libinit.o(.ARM.Collect$$libinit$$00000000) refers (Special) to libinit2.o(.ARM.Collect$$libinit$$00000033) for __rt_lib_init_return
    libinit.o(.ARM.Collect$$libinit$$00000000) refers (Special) to libinit2.o(.ARM.Collect$$libinit$$0000001D) for __rt_lib_init_signal_1
    libinit.o(.ARM.Collect$$libinit$$00000000) refers (Special) to libinit2.o(.ARM.Collect$$libinit$$00000025) for __rt_lib_init_stdio_1
    libinit.o(.ARM.Collect$$libinit$$00000000) refers (Special) to libinit2.o(.ARM.Collect$$libinit$$0000000C) for __rt_lib_init_user_alloc_1
    libspace.o(.text) refers to libspace.o(.bss) for __libspace_start
    rtexit.o(.ARM.Collect$$rtexit$$00000000) refers (Special) to rtexit2.o(.ARM.Collect$$rtexit$$00000004) for __rt_exit_exit
    rtexit.o(.ARM.Collect$$rtexit$$00000000) refers (Special) to rtexit2.o(.ARM.Collect$$rtexit$$00000003) for __rt_exit_ls
    rtexit.o(.ARM.Collect$$rtexit$$00000000) refers (Special) to rtexit2.o(.ARM.Collect$$rtexit$$00000002) for __rt_exit_prels_1
    rtexit.o(.ARM.exidx) refers (Special) to rtexit2.o(.ARM.Collect$$rtexit$$00000004) for __rt_exit_exit
    rtexit.o(.ARM.exidx) refers (Special) to rtexit2.o(.ARM.Collect$$rtexit$$00000003) for __rt_exit_ls
    rtexit.o(.ARM.exidx) refers (Special) to rtexit2.o(.ARM.Collect$$rtexit$$00000002) for __rt_exit_prels_1
    rtexit.o(.ARM.exidx) refers to rtexit.o(.ARM.Collect$$rtexit$$00000000) for .ARM.Collect$$rtexit$$00000000
    rt_raise.o(.text) refers to __raise.o(.text) for __raise
    rt_raise.o(.text) refers to sys_exit.o(.text) for _sys_exit
    defsig_exit.o(.text) refers to sys_exit.o(.text) for _sys_exit
    defsig_fpe_inner.o(.text) refers to defsig_general.o(.text) for __default_signal_display
    libinit2.o(.ARM.Collect$$libinit$$00000010) refers to libinit2.o(.ARM.Collect$$libinit$$0000000F) for .ARM.Collect$$libinit$$0000000F
    libinit2.o(.ARM.Collect$$libinit$$00000012) refers to libinit2.o(.ARM.Collect$$libinit$$0000000F) for .ARM.Collect$$libinit$$0000000F
    libinit2.o(.ARM.Collect$$libinit$$00000014) refers to libinit2.o(.ARM.Collect$$libinit$$0000000F) for .ARM.Collect$$libinit$$0000000F
    libinit2.o(.ARM.Collect$$libinit$$00000016) refers to libinit2.o(.ARM.Collect$$libinit$$0000000F) for .ARM.Collect$$libinit$$0000000F
    libinit2.o(.ARM.Collect$$libinit$$00000018) refers to libinit2.o(.ARM.Collect$$libinit$$0000000F) for .ARM.Collect$$libinit$$0000000F
    libinit2.o(.ARM.Collect$$libinit$$00000026) refers to argv_veneer.o(.text) for __ARM_argv_veneer
    libinit2.o(.ARM.Collect$$libinit$$00000027) refers to argv_veneer.o(.text) for __ARM_argv_veneer
    sys_exit.o(.text) refers (Special) to use_no_semi.o(.text) for __I$use$semihosting
    sys_exit.o(.text) refers (Special) to indicate_semi.o(.text) for __semihosting_library_function
    rtexit2.o(.ARM.Collect$$rtexit$$00000003) refers to libshutdown.o(.ARM.Collect$$libshutdown$$00000000) for __rt_lib_shutdown
    rtexit2.o(.ARM.Collect$$rtexit$$00000004) refers to sys_exit.o(.text) for _sys_exit
    rtexit2.o(.ARM.exidx) refers to rtexit2.o(.ARM.Collect$$rtexit$$00000001) for .ARM.Collect$$rtexit$$00000001
    rtexit2.o(.ARM.exidx) refers to rtexit2.o(.ARM.Collect$$rtexit$$00000003) for .ARM.Collect$$rtexit$$00000003
    rtexit2.o(.ARM.exidx) refers to rtexit2.o(.ARM.Collect$$rtexit$$00000004) for .ARM.Collect$$rtexit$$00000004
    __raise.o(.text) refers to defsig.o(CL$$defsig) for __default_signal_handler
    defsig_general.o(.text) refers to retarget.o(i._ttywrch) for _ttywrch
    defsig.o(CL$$defsig) refers to defsig_fpe_inner.o(.text) for __rt_SIGFPE_inner
    defsig.o(CL$$defsig) refers to defsig_rtmem_inner.o(.text) for __rt_SIGRTMEM_inner
    _get_argv_nomalloc.o(.text) refers (Special) to hrguard.o(.text) for __heap_region$guard
    _get_argv_nomalloc.o(.text) refers to defsig_rtmem_outer.o(.text) for __rt_SIGRTMEM
    _get_argv_nomalloc.o(.text) refers to sys_command.o(.text) for _sys_command_string
    libshutdown.o(.ARM.Collect$$libshutdown$$00000000) refers (Special) to libshutdown2.o(.ARM.Collect$$libshutdown$$00000002) for __rt_lib_shutdown_cpp_1
    libshutdown.o(.ARM.Collect$$libshutdown$$00000000) refers (Special) to libshutdown2.o(.ARM.Collect$$libshutdown$$00000007) for __rt_lib_shutdown_fp_trap_1
    libshutdown.o(.ARM.Collect$$libshutdown$$00000000) refers (Special) to libshutdown2.o(.ARM.Collect$$libshutdown$$0000000F) for __rt_lib_shutdown_heap_1
    libshutdown.o(.ARM.Collect$$libshutdown$$00000000) refers (Special) to libshutdown2.o(.ARM.Collect$$libshutdown$$00000010) for __rt_lib_shutdown_return
    libshutdown.o(.ARM.Collect$$libshutdown$$00000000) refers (Special) to libshutdown2.o(.ARM.Collect$$libshutdown$$0000000A) for __rt_lib_shutdown_signal_1
    libshutdown.o(.ARM.Collect$$libshutdown$$00000000) refers (Special) to libshutdown2.o(.ARM.Collect$$libshutdown$$00000004) for __rt_lib_shutdown_stdio_1
    libshutdown.o(.ARM.Collect$$libshutdown$$00000000) refers (Special) to libshutdown2.o(.ARM.Collect$$libshutdown$$0000000C) for __rt_lib_shutdown_user_alloc_1
    sys_command.o(.text) refers (Special) to use_no_semi.o(.text) for __I$use$semihosting
    sys_command.o(.text) refers (Special) to indicate_semi.o(.text) for __semihosting_library_function
    defsig_abrt_inner.o(.text) refers to defsig_general.o(.text) for __default_signal_display
    defsig_rtred_inner.o(.text) refers to defsig_general.o(.text) for __default_signal_display
    defsig_rtmem_inner.o(.text) refers to defsig_general.o(.text) for __default_signal_display
    defsig_rtmem_outer.o(.text) refers to defsig_rtmem_inner.o(.text) for __rt_SIGRTMEM_inner
    defsig_rtmem_outer.o(.text) refers to defsig_exit.o(.text) for __sig_exit
    defsig_rtmem_formal.o(.text) refers to rt_raise.o(.text) for __rt_raise
    defsig_stak_inner.o(.text) refers to defsig_general.o(.text) for __default_signal_display
    defsig_pvfn_inner.o(.text) refers to defsig_general.o(.text) for __default_signal_display
    defsig_cppl_inner.o(.text) refers to defsig_general.o(.text) for __default_signal_display
    defsig_segv_inner.o(.text) refers to defsig_general.o(.text) for __default_signal_display
    defsig_other.o(.text) refers to defsig_general.o(.text) for __default_signal_display


==============================================================================

Removing Unused input sections from the image.

    Removing main.o(.rev16_text), (4 bytes).
    Removing main.o(.revsh_text), (4 bytes).
    Removing hid_kb.o(.rev16_text), (4 bytes).
    Removing hid_kb.o(.revsh_text), (4 bytes).
    Removing descriptors.o(.rev16_text), (4 bytes).
    Removing descriptors.o(.revsh_text), (4 bytes).
    Removing rfinput.o(.rev16_text), (4 bytes).
    Removing rfinput.o(.revsh_text), (4 bytes).
    Removing rfinput.o(i.nrf_output), (164 bytes).
    Removing clk.o(.rev16_text), (4 bytes).
    Removing clk.o(.revsh_text), (4 bytes).
    Removing clk.o(i.CLK_DisableCKO), (20 bytes).
    Removing clk.o(i.CLK_DisableModuleClock), (36 bytes).
    Removing clk.o(i.CLK_DisablePLL), (20 bytes).
    Removing clk.o(i.CLK_DisableSysTick), (12 bytes).
    Removing clk.o(i.CLK_DisableXtalRC), (16 bytes).
    Removing clk.o(i.CLK_EnableCKO), (40 bytes).
    Removing clk.o(i.CLK_EnableSysTick), (64 bytes).
    Removing clk.o(i.CLK_GetCPUFreq), (16 bytes).
    Removing clk.o(i.CLK_GetHXTFreq), (28 bytes).
    Removing clk.o(i.CLK_GetLXTFreq), (24 bytes).
    Removing clk.o(i.CLK_Idle), (20 bytes).
    Removing clk.o(i.CLK_PowerDown), (32 bytes).
    Removing clk.o(i.CLK_SetCoreClock), (148 bytes).
    Removing fmc.o(.rev16_text), (4 bytes).
    Removing fmc.o(.revsh_text), (4 bytes).
    Removing fmc.o(i.FMC_Close), (20 bytes).
    Removing fmc.o(i.FMC_Erase), (68 bytes).
    Removing fmc.o(i.FMC_GetBootSource), (24 bytes).
    Removing fmc.o(i.FMC_GetVectorPageAddr), (20 bytes).
    Removing fmc.o(i.FMC_Open), (20 bytes).
    Removing fmc.o(i.FMC_Read), (40 bytes).
    Removing fmc.o(i.FMC_ReadCID), (40 bytes).
    Removing fmc.o(i.FMC_ReadConfig), (44 bytes).
    Removing fmc.o(i.FMC_ReadDataFlashBaseAddr), (12 bytes).
    Removing fmc.o(i.FMC_ReadPID), (40 bytes).
    Removing fmc.o(i.FMC_ReadUCID), (44 bytes).
    Removing fmc.o(i.FMC_ReadUID), (40 bytes).
    Removing fmc.o(i.FMC_SetVectorPageAddr), (36 bytes).
    Removing fmc.o(i.FMC_Write), (36 bytes).
    Removing fmc.o(i.FMC_WriteConfig), (68 bytes).
    Removing sys.o(.rev16_text), (4 bytes).
    Removing sys.o(.revsh_text), (4 bytes).
    Removing sys.o(i.SYS_ClearResetSrc), (16 bytes).
    Removing sys.o(i.SYS_DisableBOD), (20 bytes).
    Removing sys.o(i.SYS_DisableIRCTrim), (12 bytes).
    Removing sys.o(i.SYS_EnableBOD), (24 bytes).
    Removing sys.o(i.SYS_EnableIRCTrim), (32 bytes).
    Removing sys.o(i.SYS_GetBODStatus), (12 bytes).
    Removing sys.o(i.SYS_GetResetSrc), (8 bytes).
    Removing sys.o(i.SYS_IsRegLocked), (20 bytes).
    Removing sys.o(i.SYS_ReadPDID), (8 bytes).
    Removing sys.o(i.SYS_ResetCPU), (18 bytes).
    Removing sys.o(i.SYS_ResetChip), (18 bytes).
    Removing usbd.o(.rev16_text), (4 bytes).
    Removing usbd.o(.revsh_text), (4 bytes).
    Removing usbd.o(i.USBD_LockEpStall), (12 bytes).
    Removing usbd.o(i.USBD_SetVendorRequest), (12 bytes).
    Removing retarget.o(.rev16_text), (4 bytes).
    Removing retarget.o(.revsh_text), (4 bytes).
    Removing retarget.o(i.GetChar), (28 bytes).
    Removing retarget.o(i.IsDebugFifoEmpty), (20 bytes).
    Removing retarget.o(i._ttywrch), (12 bytes).
    Removing retarget.o(i.fgetc), (10 bytes).
    Removing retarget.o(i.kbhit), (16 bytes).
    Removing system_nano100series.o(.rev16_text), (4 bytes).
    Removing system_nano100series.o(.revsh_text), (4 bytes).
    Removing spi.o(.rev16_text), (4 bytes).
    Removing spi.o(.revsh_text), (4 bytes).
    Removing spi.o(i.SPI_ClearRxFIFO), (10 bytes).
    Removing spi.o(i.SPI_ClearTxFIFO), (10 bytes).
    Removing spi.o(i.SPI_Close), (124 bytes).
    Removing spi.o(i.SPI_DisableAutoSS), (10 bytes).
    Removing spi.o(i.SPI_DisableFIFO), (12 bytes).
    Removing spi.o(i.SPI_DisableInt), (102 bytes).
    Removing spi.o(i.SPI_DisableWakeup), (10 bytes).
    Removing spi.o(i.SPI_EnableAutoSS), (22 bytes).
    Removing spi.o(i.SPI_EnableInt), (102 bytes).
    Removing spi.o(i.SPI_EnableWakeup), (12 bytes).
    Removing spi.o(i.SPI_GetBusClock), (132 bytes).

80 unused section(s) (total 2124 bytes) removed from the image.

==============================================================================

Image Symbol Table

    Local Symbols

    Symbol Name                              Value     Ov Type        Size  Object(Section)

    RESET                                    0x00000000   Section      192  startup_nano100series.o(RESET)
    ../clib/../cmprslib/zerorunl2.c          0x00000000   Number         0  __dczerorl2.o ABSOLUTE
    ../clib/angel/boardlib.s                 0x00000000   Number         0  boardinit3.o ABSOLUTE
    ../clib/angel/boardlib.s                 0x00000000   Number         0  boardinit1.o ABSOLUTE
    ../clib/angel/boardlib.s                 0x00000000   Number         0  boardinit2.o ABSOLUTE
    ../clib/angel/boardlib.s                 0x00000000   Number         0  boardshut.o ABSOLUTE
    ../clib/angel/handlers.s                 0x00000000   Number         0  __scatter_zi.o ABSOLUTE
    ../clib/angel/kernel.s                   0x00000000   Number         0  rtexit2.o ABSOLUTE
    ../clib/angel/kernel.s                   0x00000000   Number         0  __rtentry2.o ABSOLUTE
    ../clib/angel/kernel.s                   0x00000000   Number         0  rtexit.o ABSOLUTE
    ../clib/angel/kernel.s                   0x00000000   Number         0  __rtentry4.o ABSOLUTE
    ../clib/angel/kernel.s                   0x00000000   Number         0  __rtentry.o ABSOLUTE
    ../clib/angel/rt.s                       0x00000000   Number         0  aeabi_idiv0.o ABSOLUTE
    ../clib/angel/rt.s                       0x00000000   Number         0  rt_raise.o ABSOLUTE
    ../clib/angel/rt.s                       0x00000000   Number         0  aeabi_idiv0_sigfpe.o ABSOLUTE
    ../clib/angel/rt.s                       0x00000000   Number         0  rt_div0.o ABSOLUTE
    ../clib/angel/scatterp.s                 0x00000000   Number         0  __scatter.o ABSOLUTE
    ../clib/angel/startup.s                  0x00000000   Number         0  __main.o ABSOLUTE
    ../clib/angel/sys.s                      0x00000000   Number         0  indicate_semi.o ABSOLUTE
    ../clib/angel/sys.s                      0x00000000   Number         0  use_no_semi.o ABSOLUTE
    ../clib/angel/sys.s                      0x00000000   Number         0  sys_stackheap_outer.o ABSOLUTE
    ../clib/angel/sys.s                      0x00000000   Number         0  tempstk.o ABSOLUTE
    ../clib/angel/sys.s                      0x00000000   Number         0  libspace.o ABSOLUTE
    ../clib/angel/sysapp.c                   0x00000000   Number         0  sys_command.o ABSOLUTE
    ../clib/angel/sysapp.c                   0x00000000   Number         0  sys_exit.o ABSOLUTE
    ../clib/armsys.c                         0x00000000   Number         0  no_argv.o ABSOLUTE
    ../clib/armsys.c                         0x00000000   Number         0  argv_veneer.o ABSOLUTE
    ../clib/armsys.c                         0x00000000   Number         0  _get_argv_nomalloc.o ABSOLUTE
    ../clib/division.s                       0x00000000   Number         0  aeabi_sdiv.o ABSOLUTE
    ../clib/division.s                       0x00000000   Number         0  aeabi_sdiv_div0.o ABSOLUTE
    ../clib/heapalloc.c                      0x00000000   Number         0  hrguard.o ABSOLUTE
    ../clib/heapaux.c                        0x00000000   Number         0  heapauxi.o ABSOLUTE
    ../clib/libinit.s                        0x00000000   Number         0  libshutdown2.o ABSOLUTE
    ../clib/libinit.s                        0x00000000   Number         0  libshutdown.o ABSOLUTE
    ../clib/libinit.s                        0x00000000   Number         0  libinit.o ABSOLUTE
    ../clib/libinit.s                        0x00000000   Number         0  libinit2.o ABSOLUTE
    ../clib/misc.s                           0x00000000   Number         0  printf_stubs.o ABSOLUTE
    ../clib/printf.c                         0x00000000   Number         0  __printf_flags_ss_wp.o ABSOLUTE
    ../clib/printf.c                         0x00000000   Number         0  __printf_nopercent.o ABSOLUTE
    ../clib/printf.c                         0x00000000   Number         0  noretval__2printf.o ABSOLUTE
    ../clib/printf.c                         0x00000000   Number         0  __2printf.o ABSOLUTE
    ../clib/printf.c                         0x00000000   Number         0  _printf_hex_ptr.o ABSOLUTE
    ../clib/printf.c                         0x00000000   Number         0  __printf_ss.o ABSOLUTE
    ../clib/printf.c                         0x00000000   Number         0  __printf_wp.o ABSOLUTE
    ../clib/printf.c                         0x00000000   Number         0  _printf_intcommon.o ABSOLUTE
    ../clib/printf.c                         0x00000000   Number         0  _printf_char_file.o ABSOLUTE
    ../clib/printf.c                         0x00000000   Number         0  _printf_char_common.o ABSOLUTE
    ../clib/printf.c                         0x00000000   Number         0  _printf_hex_ll.o ABSOLUTE
    ../clib/printf.c                         0x00000000   Number         0  _printf_hex_int.o ABSOLUTE
    ../clib/printf.c                         0x00000000   Number         0  __printf_ss_wp.o ABSOLUTE
    ../clib/printf.c                         0x00000000   Number         0  __printf_flags_wp.o ABSOLUTE
    ../clib/printf.c                         0x00000000   Number         0  __printf_flags_ss.o ABSOLUTE
    ../clib/printf.c                         0x00000000   Number         0  _printf_hex_int_ll.o ABSOLUTE
    ../clib/printf.c                         0x00000000   Number         0  _printf_hex_int_ptr.o ABSOLUTE
    ../clib/printf.c                         0x00000000   Number         0  _printf_hex_ll_ptr.o ABSOLUTE
    ../clib/printf.c                         0x00000000   Number         0  _printf_hex_int_ll_ptr.o ABSOLUTE
    ../clib/printf.c                         0x00000000   Number         0  __printf_flags.o ABSOLUTE
    ../clib/printf.c                         0x00000000   Number         0  __printf.o ABSOLUTE
    ../clib/printf_percent.s                 0x00000000   Number         0  _printf_percent_end.o ABSOLUTE
    ../clib/printf_percent.s                 0x00000000   Number         0  _printf_percent.o ABSOLUTE
    ../clib/printf_percent.s                 0x00000000   Number         0  _printf_x.o ABSOLUTE
    ../clib/signal.c                         0x00000000   Number         0  defsig_fpe_outer.o ABSOLUTE
    ../clib/signal.c                         0x00000000   Number         0  defsig_fpe_formal.o ABSOLUTE
    ../clib/signal.c                         0x00000000   Number         0  defsig_rtred_inner.o ABSOLUTE
    ../clib/signal.c                         0x00000000   Number         0  defsig_fpe_inner.o ABSOLUTE
    ../clib/signal.c                         0x00000000   Number         0  defsig_rtmem_inner.o ABSOLUTE
    ../clib/signal.c                         0x00000000   Number         0  defsig_rtmem_outer.o ABSOLUTE
    ../clib/signal.c                         0x00000000   Number         0  defsig_rtmem_formal.o ABSOLUTE
    ../clib/signal.c                         0x00000000   Number         0  defsig_stak_inner.o ABSOLUTE
    ../clib/signal.c                         0x00000000   Number         0  defsig_pvfn_inner.o ABSOLUTE
    ../clib/signal.c                         0x00000000   Number         0  defsig_cppl_inner.o ABSOLUTE
    ../clib/signal.c                         0x00000000   Number         0  __raise.o ABSOLUTE
    ../clib/signal.c                         0x00000000   Number         0  defsig_general.o ABSOLUTE
    ../clib/signal.c                         0x00000000   Number         0  defsig_abrt_inner.o ABSOLUTE
    ../clib/signal.c                         0x00000000   Number         0  defsig_other.o ABSOLUTE
    ../clib/signal.c                         0x00000000   Number         0  defsig_segv_inner.o ABSOLUTE
    ../clib/signal.c                         0x00000000   Number         0  defsig_exit.o ABSOLUTE
    ../clib/signal.s                         0x00000000   Number         0  defsig.o ABSOLUTE
    ../clib/stdlib.c                         0x00000000   Number         0  exit.o ABSOLUTE
    ../fplib/cfplib/fpinit.c                 0x00000000   Number         0  fpinit.o ABSOLUTE
    C:\Keil_v5\ARM\PACK\Nuvoton\NuMicro_DFP\1.0.7\Device\NANO100BN\Driver\clk.c 0x00000000   Number         0  clk.o ABSOLUTE
    C:\Keil_v5\ARM\PACK\Nuvoton\NuMicro_DFP\1.0.7\Device\NANO100BN\Driver\fmc.c 0x00000000   Number         0  fmc.o ABSOLUTE
    C:\Keil_v5\ARM\PACK\Nuvoton\NuMicro_DFP\1.0.7\Device\NANO100BN\Driver\spi.c 0x00000000   Number         0  spi.o ABSOLUTE
    C:\Keil_v5\ARM\PACK\Nuvoton\NuMicro_DFP\1.0.7\Device\NANO100BN\Driver\sys.c 0x00000000   Number         0  sys.o ABSOLUTE
    C:\Keil_v5\ARM\PACK\Nuvoton\NuMicro_DFP\1.0.7\Device\NANO100BN\Driver\usbd.c 0x00000000   Number         0  usbd.o ABSOLUTE
    C:\\Keil_v5\\ARM\\PACK\\Nuvoton\\NuMicro_DFP\\1.0.7\\Device\\NANO100BN\\Driver\\clk.c 0x00000000   Number         0  clk.o ABSOLUTE
    C:\\Keil_v5\\ARM\\PACK\\Nuvoton\\NuMicro_DFP\\1.0.7\\Device\\NANO100BN\\Driver\\fmc.c 0x00000000   Number         0  fmc.o ABSOLUTE
    C:\\Keil_v5\\ARM\\PACK\\Nuvoton\\NuMicro_DFP\\1.0.7\\Device\\NANO100BN\\Driver\\spi.c 0x00000000   Number         0  spi.o ABSOLUTE
    C:\\Keil_v5\\ARM\\PACK\\Nuvoton\\NuMicro_DFP\\1.0.7\\Device\\NANO100BN\\Driver\\sys.c 0x00000000   Number         0  sys.o ABSOLUTE
    C:\\Keil_v5\\ARM\\PACK\\Nuvoton\\NuMicro_DFP\\1.0.7\\Device\\NANO100BN\\Driver\\usbd.c 0x00000000   Number         0  usbd.o ABSOLUTE
    RFinput.c                                0x00000000   Number         0  rfinput.o ABSOLUTE
    RFinput.c                                0x00000000   Number         0  rfinput.o ABSOLUTE
    RTE\Device\NANO130KE3BN\retarget.c       0x00000000   Number         0  retarget.o ABSOLUTE
    RTE\Device\NANO130KE3BN\startup_Nano100Series.s 0x00000000   Number         0  startup_nano100series.o ABSOLUTE
    RTE\Device\NANO130KE3BN\system_Nano100Series.c 0x00000000   Number         0  system_nano100series.o ABSOLUTE
    RTE\\Device\\NANO130KE3BN\\retarget.c    0x00000000   Number         0  retarget.o ABSOLUTE
    RTE\\Device\\NANO130KE3BN\\system_Nano100Series.c 0x00000000   Number         0  system_nano100series.o ABSOLUTE
    dc.s                                     0x00000000   Number         0  dc.o ABSOLUTE
    descriptors.c                            0x00000000   Number         0  descriptors.o ABSOLUTE
    descriptors.c                            0x00000000   Number         0  descriptors.o ABSOLUTE
    hid_kb.c                                 0x00000000   Number         0  hid_kb.o ABSOLUTE
    hid_kb.c                                 0x00000000   Number         0  hid_kb.o ABSOLUTE
    main.c                                   0x00000000   Number         0  main.o ABSOLUTE
    main.c                                   0x00000000   Number         0  main.o ABSOLUTE
    !!!main                                  0x000000c0   Section        8  __main.o(!!!main)
    !!!scatter                               0x000000c8   Section       60  __scatter.o(!!!scatter)
    !!handler_zi                             0x00000104   Section       28  __scatter_zi.o(!!handler_zi)
    .ARM.Collect$$_printf_percent$$00000000  0x00000120   Section        2  _printf_percent.o(.ARM.Collect$$_printf_percent$$00000000)
    .ARM.Collect$$_printf_percent$$0000000C  0x00000122   Section       10  _printf_x.o(.ARM.Collect$$_printf_percent$$0000000C)
    .ARM.Collect$$_printf_percent$$00000017  0x0000012c   Section        4  _printf_percent_end.o(.ARM.Collect$$_printf_percent$$00000017)
    .ARM.Collect$$libinit$$00000000          0x00000130   Section        2  libinit.o(.ARM.Collect$$libinit$$00000000)
    .ARM.Collect$$libinit$$00000002          0x00000132   Section        0  libinit2.o(.ARM.Collect$$libinit$$00000002)
    .ARM.Collect$$libinit$$00000004          0x00000132   Section        0  libinit2.o(.ARM.Collect$$libinit$$00000004)
    .ARM.Collect$$libinit$$0000000A          0x00000132   Section        0  libinit2.o(.ARM.Collect$$libinit$$0000000A)
    .ARM.Collect$$libinit$$0000000C          0x00000132   Section        0  libinit2.o(.ARM.Collect$$libinit$$0000000C)
    .ARM.Collect$$libinit$$0000000E          0x00000132   Section        0  libinit2.o(.ARM.Collect$$libinit$$0000000E)
    .ARM.Collect$$libinit$$00000011          0x00000132   Section        0  libinit2.o(.ARM.Collect$$libinit$$00000011)
    .ARM.Collect$$libinit$$00000013          0x00000132   Section        0  libinit2.o(.ARM.Collect$$libinit$$00000013)
    .ARM.Collect$$libinit$$00000015          0x00000132   Section        0  libinit2.o(.ARM.Collect$$libinit$$00000015)
    .ARM.Collect$$libinit$$00000017          0x00000132   Section        0  libinit2.o(.ARM.Collect$$libinit$$00000017)
    .ARM.Collect$$libinit$$00000019          0x00000132   Section        0  libinit2.o(.ARM.Collect$$libinit$$00000019)
    .ARM.Collect$$libinit$$0000001B          0x00000132   Section        0  libinit2.o(.ARM.Collect$$libinit$$0000001B)
    .ARM.Collect$$libinit$$0000001D          0x00000132   Section        0  libinit2.o(.ARM.Collect$$libinit$$0000001D)
    .ARM.Collect$$libinit$$0000001F          0x00000132   Section        0  libinit2.o(.ARM.Collect$$libinit$$0000001F)
    .ARM.Collect$$libinit$$00000021          0x00000132   Section        0  libinit2.o(.ARM.Collect$$libinit$$00000021)
    .ARM.Collect$$libinit$$00000023          0x00000132   Section        0  libinit2.o(.ARM.Collect$$libinit$$00000023)
    .ARM.Collect$$libinit$$00000025          0x00000132   Section        0  libinit2.o(.ARM.Collect$$libinit$$00000025)
    .ARM.Collect$$libinit$$0000002C          0x00000132   Section        0  libinit2.o(.ARM.Collect$$libinit$$0000002C)
    .ARM.Collect$$libinit$$0000002E          0x00000132   Section        0  libinit2.o(.ARM.Collect$$libinit$$0000002E)
    .ARM.Collect$$libinit$$00000030          0x00000132   Section        0  libinit2.o(.ARM.Collect$$libinit$$00000030)
    .ARM.Collect$$libinit$$00000032          0x00000132   Section        0  libinit2.o(.ARM.Collect$$libinit$$00000032)
    .ARM.Collect$$libinit$$00000033          0x00000132   Section        2  libinit2.o(.ARM.Collect$$libinit$$00000033)
    .ARM.Collect$$libshutdown$$00000000      0x00000134   Section        2  libshutdown.o(.ARM.Collect$$libshutdown$$00000000)
    .ARM.Collect$$libshutdown$$00000002      0x00000136   Section        0  libshutdown2.o(.ARM.Collect$$libshutdown$$00000002)
    .ARM.Collect$$libshutdown$$00000004      0x00000136   Section        0  libshutdown2.o(.ARM.Collect$$libshutdown$$00000004)
    .ARM.Collect$$libshutdown$$00000007      0x00000136   Section        0  libshutdown2.o(.ARM.Collect$$libshutdown$$00000007)
    .ARM.Collect$$libshutdown$$0000000A      0x00000136   Section        0  libshutdown2.o(.ARM.Collect$$libshutdown$$0000000A)
    .ARM.Collect$$libshutdown$$0000000C      0x00000136   Section        0  libshutdown2.o(.ARM.Collect$$libshutdown$$0000000C)
    .ARM.Collect$$libshutdown$$0000000F      0x00000136   Section        0  libshutdown2.o(.ARM.Collect$$libshutdown$$0000000F)
    .ARM.Collect$$libshutdown$$00000010      0x00000136   Section        2  libshutdown2.o(.ARM.Collect$$libshutdown$$00000010)
    .ARM.Collect$$rtentry$$00000000          0x00000138   Section        0  __rtentry.o(.ARM.Collect$$rtentry$$00000000)
    .ARM.Collect$$rtentry$$00000002          0x00000138   Section        0  __rtentry2.o(.ARM.Collect$$rtentry$$00000002)
    .ARM.Collect$$rtentry$$00000004          0x00000138   Section        6  __rtentry4.o(.ARM.Collect$$rtentry$$00000004)
    .ARM.Collect$$rtentry$$00000009          0x0000013e   Section        0  __rtentry2.o(.ARM.Collect$$rtentry$$00000009)
    .ARM.Collect$$rtentry$$0000000A          0x0000013e   Section        4  __rtentry2.o(.ARM.Collect$$rtentry$$0000000A)
    .ARM.Collect$$rtentry$$0000000C          0x00000142   Section        0  __rtentry2.o(.ARM.Collect$$rtentry$$0000000C)
    .ARM.Collect$$rtentry$$0000000D          0x00000142   Section        8  __rtentry2.o(.ARM.Collect$$rtentry$$0000000D)
    .ARM.Collect$$rtexit$$00000000           0x0000014a   Section        2  rtexit.o(.ARM.Collect$$rtexit$$00000000)
    .ARM.Collect$$rtexit$$00000002           0x0000014c   Section        0  rtexit2.o(.ARM.Collect$$rtexit$$00000002)
    .ARM.Collect$$rtexit$$00000003           0x0000014c   Section        4  rtexit2.o(.ARM.Collect$$rtexit$$00000003)
    .ARM.Collect$$rtexit$$00000004           0x00000150   Section        6  rtexit2.o(.ARM.Collect$$rtexit$$00000004)
    .emb_text                                0x00000158   Section       28  retarget.o(.emb_text)
    .text                                    0x00000174   Section       96  startup_nano100series.o(.text)
    .text                                    0x000001d4   Section        0  noretval__2printf.o(.text)
    .text                                    0x000001f0   Section        0  _printf_hex_int.o(.text)
    .text                                    0x00000248   Section        0  __printf_wp.o(.text)
    .text                                    0x00000356   Section      346  aeabi_sdiv.o(.text)
    .text                                    0x000004b0   Section        0  heapauxi.o(.text)
    .text                                    0x000004b6   Section        0  _printf_intcommon.o(.text)
    .text                                    0x00000568   Section        0  _printf_char_file.o(.text)
    .text                                    0x00000590   Section        0  _printf_char_common.o(.text)
    _printf_input_char                       0x00000591   Thumb Code    10  _printf_char_common.o(.text)
    .text                                    0x000005c0   Section       62  sys_stackheap_outer.o(.text)
    .text                                    0x000005fe   Section        0  exit.o(.text)
    .text                                    0x00000610   Section        8  libspace.o(.text)
    .text                                    0x00000618   Section        0  sys_exit.o(.text)
    .text                                    0x00000624   Section        2  use_no_semi.o(.text)
    .text                                    0x00000626   Section        0  __dczerorl2.o(.text)
    .text                                    0x00000626   Section        0  indicate_semi.o(.text)
    i.CLK_EnableModuleClock                  0x0000067c   Section        0  clk.o(i.CLK_EnableModuleClock)
    i.CLK_EnablePLL                          0x000006a0   Section        0  clk.o(i.CLK_EnablePLL)
    i.CLK_EnableXtalRC                       0x00000780   Section        0  clk.o(i.CLK_EnableXtalRC)
    i.CLK_GetHCLKFreq                        0x000007cc   Section        0  clk.o(i.CLK_GetHCLKFreq)
    i.CLK_GetPLLClockFreq                    0x000007dc   Section        0  clk.o(i.CLK_GetPLLClockFreq)
    i.CLK_SetHCLK                            0x0000085c   Section        0  clk.o(i.CLK_SetHCLK)
    i.CLK_SetModuleClock                     0x000008c0   Section        0  clk.o(i.CLK_SetModuleClock)
    i.CLK_SysTickDelay                       0x00000924   Section        0  clk.o(i.CLK_SysTickDelay)
    i.CLK_WaitClockReady                     0x00000958   Section        0  clk.o(i.CLK_WaitClockReady)
    i.EP2_Handler                            0x00000980   Section        0  hid_kb.o(i.EP2_Handler)
    i.HID_ClassRequest                       0x0000098c   Section        0  hid_kb.o(i.HID_ClassRequest)
    i.HID_Init                               0x00000a28   Section        0  hid_kb.o(i.HID_Init)
    i.HID_Send                               0x00000a54   Section        0  main.o(i.HID_Send)
    i.Hard_Fault_Handler                     0x00000a94   Section        0  retarget.o(i.Hard_Fault_Handler)
    __tagsym$$used                           0x00000a95   Number         0  retarget.o(i.Hard_Fault_Handler)
    i.NVIC_SetPriority                       0x00000ac0   Section        0  main.o(i.NVIC_SetPriority)
    NVIC_SetPriority                         0x00000ac1   Thumb Code   110  main.o(i.NVIC_SetPriority)
    i.SPI0_IRQHandler                        0x00000b38   Section        0  rfinput.o(i.SPI0_IRQHandler)
    i.SPI_EnableFIFO                         0x00000b3a   Section        0  spi.o(i.SPI_EnableFIFO)
    i.SPI_Open                               0x00000b5a   Section        0  spi.o(i.SPI_Open)
    i.SPI_SetBusClock                        0x00000b7c   Section        0  spi.o(i.SPI_SetBusClock)
    i.SYS_Init                               0x00000c28   Section        0  main.o(i.SYS_Init)
    i.SYS_ResetModule                        0x00000ca8   Section        0  sys.o(i.SYS_ResetModule)
    i.SYS_UnlockReg                          0x00000cd8   Section        0  main.o(i.SYS_UnlockReg)
    SYS_UnlockReg                            0x00000cd9   Thumb Code    26  main.o(i.SYS_UnlockReg)
    i.SendChar                               0x00000cf8   Section        0  retarget.o(i.SendChar)
    i.SendChar_ToUART                        0x00000d04   Section        0  retarget.o(i.SendChar_ToUART)
    i.SysGet_HCLKFreq                        0x00000d38   Section        0  system_nano100series.o(i.SysGet_HCLKFreq)
    i.SysGet_PLLClockFreq                    0x00000d88   Section        0  system_nano100series.o(i.SysGet_PLLClockFreq)
    i.SysTick_Handler                        0x00000e08   Section        0  main.o(i.SysTick_Handler)
    i.SystemCoreClockUpdate                  0x00000e18   Section        0  system_nano100series.o(i.SystemCoreClockUpdate)
    i.UART0_Init                             0x00000e44   Section        0  main.o(i.UART0_Init)
    i.USBD_CtrlIn                            0x00000e60   Section        0  usbd.o(i.USBD_CtrlIn)
    i.USBD_CtrlOut                           0x00000f28   Section        0  usbd.o(i.USBD_CtrlOut)
    i.USBD_GetDescriptor                     0x00000f74   Section        0  usbd.o(i.USBD_GetDescriptor)
    i.USBD_GetSetupPacket                    0x0000110c   Section        0  usbd.o(i.USBD_GetSetupPacket)
    i.USBD_IRQHandler                        0x00001120   Section        0  hid_kb.o(i.USBD_IRQHandler)
    i.USBD_MemCopy                           0x00001294   Section        0  usbd.o(i.USBD_MemCopy)
    USBD_MemCopy                             0x00001295   Thumb Code    22  usbd.o(i.USBD_MemCopy)
    i.USBD_Open                              0x000012ac   Section        0  usbd.o(i.USBD_Open)
    i.USBD_PrepareCtrlIn                     0x00001304   Section        0  usbd.o(i.USBD_PrepareCtrlIn)
    i.USBD_PrepareCtrlOut                    0x0000138c   Section        0  usbd.o(i.USBD_PrepareCtrlOut)
    i.USBD_ProcessSetupPacket                0x000013b8   Section        0  usbd.o(i.USBD_ProcessSetupPacket)
    i.USBD_SetStall                          0x00001434   Section        0  hid_kb.o(i.USBD_SetStall)
    USBD_SetStall                            0x00001435   Thumb Code    42  hid_kb.o(i.USBD_SetStall)
    i.USBD_StandardRequest                   0x00001464   Section        0  usbd.o(i.USBD_StandardRequest)
    i.USBD_Start                             0x000017a8   Section        0  usbd.o(i.USBD_Start)
    i.USBD_SwReset                           0x000017d4   Section        0  usbd.o(i.USBD_SwReset)
    i._is_digit                              0x00001838   Section        0  __printf_wp.o(i._is_digit)
    i.delay_ms                               0x00001848   Section        0  main.o(i.delay_ms)
    i.ferror                                 0x00001860   Section        0  retarget.o(i.ferror)
    i.fputc                                  0x00001868   Section        0  retarget.o(i.fputc)
    i.init                                   0x00001878   Section        0  main.o(i.init)
    i.init_spi                               0x000018e4   Section        0  rfinput.o(i.init_spi)
    i.main                                   0x000019a8   Section        0  main.o(i.main)
    i.nrf_config                             0x00001adc   Section        0  rfinput.o(i.nrf_config)
    i.nrf_init                               0x00001c44   Section        0  rfinput.o(i.nrf_init)
    i.nrf_input                              0x00001cc8   Section        0  rfinput.o(i.nrf_input)
    i.spi                                    0x00001d24   Section        0  rfinput.o(i.spi)
    spi                                      0x00001d25   Thumb Code    34  rfinput.o(i.spi)
    i.spi_cmd                                0x00001d4c   Section        0  rfinput.o(i.spi_cmd)
    i.spi_getreg                             0x00001d68   Section        0  rfinput.o(i.spi_getreg)
    i.spi_setaddr                            0x00001d90   Section        0  rfinput.o(i.spi_setaddr)
    i.spi_setreg                             0x00001ddc   Section        0  rfinput.o(i.spi_setreg)
    i.stackDump                              0x00001e04   Section        0  retarget.o(i.stackDump)
    i.sw2                                    0x00001eac   Section        0  main.o(i.sw2)
    .constdata                               0x00001ef0   Section       16  main.o(.constdata)
    .constdata                               0x00001f00   Section       16  clk.o(.constdata)
    .constdata                               0x00001f10   Section       40  _printf_hex_int.o(.constdata)
    uc_hextab                                0x00001f10   Data          20  _printf_hex_int.o(.constdata)
    lc_hextab                                0x00001f24   Data          20  _printf_hex_int.o(.constdata)
    .data                                    0x20000000   Section        6  main.o(.data)
    .data                                    0x20000008   Section      240  descriptors.o(.data)
    .data                                    0x200000f8   Section       10  rfinput.o(.data)
    _pw                                      0x20000100   Data           2  rfinput.o(.data)
    .data                                    0x20000104   Section       68  usbd.o(.data)
    g_usbd_CtrlInPointer                     0x20000110   Data           4  usbd.o(.data)
    g_usbd_CtrlInSize                        0x20000114   Data           4  usbd.o(.data)
    g_usbd_CtrlOutPointer                    0x20000118   Data           4  usbd.o(.data)
    g_usbd_CtrlOutSize                       0x2000011c   Data           4  usbd.o(.data)
    g_usbd_CtrlOutSizeLimit                  0x20000120   Data           4  usbd.o(.data)
    g_usbd_UsbAddr                           0x20000124   Data           4  usbd.o(.data)
    g_usbd_CtrlMaxPktSize                    0x20000128   Data           4  usbd.o(.data)
    g_usbd_UsbAltInterface                   0x2000012c   Data           4  usbd.o(.data)
    .data                                    0x20000148   Section        8  retarget.o(.data)
    .data                                    0x20000150   Section        8  system_nano100series.o(.data)
    .bss                                     0x20000158   Section       96  libspace.o(.bss)
    HEAP                                     0x200001b8   Section     1280  startup_nano100series.o(HEAP)
    Heap_Mem                                 0x200001b8   Data        1280  startup_nano100series.o(HEAP)
    STACK                                    0x200006b8   Section     1280  startup_nano100series.o(STACK)
    Stack_Mem                                0x200006b8   Data        1280  startup_nano100series.o(STACK)
    __initial_sp                             0x20000bb8   Data           0  startup_nano100series.o(STACK)

    Global Symbols

    Symbol Name                              Value     Ov Type        Size  Object(Section)

    BuildAttributes$$THM_ISAv3M$S$PE$A:L22$X:L11$S22$IEEE1$IW$USESV6$~STKCKD$USESV7$~SHL$OSPACE$ROPI$EBA8$UX$STANDARDLIB$REQ8$PRES8$EABIv2 0x00000000   Number         0  anon$$obj.o ABSOLUTE
    __ARM_use_no_argv                        0x00000000   Number         0  main.o ABSOLUTE
    __Vectors                                0x00000000   Data           4  startup_nano100series.o(RESET)
    _printf_flags                            0x00000000   Number         0  printf_stubs.o ABSOLUTE
    _printf_return_value                     0x00000000   Number         0  printf_stubs.o ABSOLUTE
    _printf_sizespec                         0x00000000   Number         0  printf_stubs.o ABSOLUTE
    _printf_widthprec                        0x00000000   Number         0  printf_stubs.o ABSOLUTE
    __ARM_exceptions_init                     - Undefined Weak Reference
    __alloca_initialize                       - Undefined Weak Reference
    __arm_preinit_                            - Undefined Weak Reference
    __cpp_initialize__aeabi_                  - Undefined Weak Reference
    __cxa_finalize                            - Undefined Weak Reference
    __rt_locale                               - Undefined Weak Reference
    __sigvec_lookup                           - Undefined Weak Reference
    _atexit_init                              - Undefined Weak Reference
    _call_atexit_fns                          - Undefined Weak Reference
    _clock_init                               - Undefined Weak Reference
    _fp_trap_init                             - Undefined Weak Reference
    _fp_trap_shutdown                         - Undefined Weak Reference
    _get_lc_collate                           - Undefined Weak Reference
    _get_lc_ctype                             - Undefined Weak Reference
    _get_lc_monetary                          - Undefined Weak Reference
    _get_lc_numeric                           - Undefined Weak Reference
    _get_lc_time                              - Undefined Weak Reference
    _getenv_init                              - Undefined Weak Reference
    _handle_redirection                       - Undefined Weak Reference
    _init_alloc                               - Undefined Weak Reference
    _init_user_alloc                          - Undefined Weak Reference
    _initio                                   - Undefined Weak Reference
    _printf_post_padding                      - Undefined Weak Reference
    _printf_pre_padding                       - Undefined Weak Reference
    _printf_truncate_unsigned                 - Undefined Weak Reference
    _rand_init                                - Undefined Weak Reference
    _signal_finish                            - Undefined Weak Reference
    _signal_init                              - Undefined Weak Reference
    _terminate_alloc                          - Undefined Weak Reference
    _terminate_user_alloc                     - Undefined Weak Reference
    _terminateio                              - Undefined Weak Reference
    __main                                   0x000000c1   Thumb Code     8  __main.o(!!!main)
    __scatterload                            0x000000c9   Thumb Code     0  __scatter.o(!!!scatter)
    __scatterload_rt2                        0x000000c9   Thumb Code    52  __scatter.o(!!!scatter)
    __scatterload_rt2_thumb_only             0x000000c9   Thumb Code     0  __scatter.o(!!!scatter)
    __scatterload_null                       0x000000d9   Thumb Code     0  __scatter.o(!!!scatter)
    __scatterload_zeroinit                   0x00000105   Thumb Code    28  __scatter_zi.o(!!handler_zi)
    _printf_percent                          0x00000121   Thumb Code     0  _printf_percent.o(.ARM.Collect$$_printf_percent$$00000000)
    _printf_x                                0x00000123   Thumb Code     0  _printf_x.o(.ARM.Collect$$_printf_percent$$0000000C)
    _printf_percent_end                      0x0000012d   Thumb Code     0  _printf_percent_end.o(.ARM.Collect$$_printf_percent$$00000017)
    __rt_lib_init                            0x00000131   Thumb Code     0  libinit.o(.ARM.Collect$$libinit$$00000000)
    __rt_lib_init_alloca_1                   0x00000133   Thumb Code     0  libinit2.o(.ARM.Collect$$libinit$$0000002E)
    __rt_lib_init_argv_1                     0x00000133   Thumb Code     0  libinit2.o(.ARM.Collect$$libinit$$0000002C)
    __rt_lib_init_atexit_1                   0x00000133   Thumb Code     0  libinit2.o(.ARM.Collect$$libinit$$0000001B)
    __rt_lib_init_clock_1                    0x00000133   Thumb Code     0  libinit2.o(.ARM.Collect$$libinit$$00000021)
    __rt_lib_init_cpp_1                      0x00000133   Thumb Code     0  libinit2.o(.ARM.Collect$$libinit$$00000032)
    __rt_lib_init_exceptions_1               0x00000133   Thumb Code     0  libinit2.o(.ARM.Collect$$libinit$$00000030)
    __rt_lib_init_fp_1                       0x00000133   Thumb Code     0  libinit2.o(.ARM.Collect$$libinit$$00000002)
    __rt_lib_init_fp_trap_1                  0x00000133   Thumb Code     0  libinit2.o(.ARM.Collect$$libinit$$0000001F)
    __rt_lib_init_getenv_1                   0x00000133   Thumb Code     0  libinit2.o(.ARM.Collect$$libinit$$00000023)
    __rt_lib_init_heap_1                     0x00000133   Thumb Code     0  libinit2.o(.ARM.Collect$$libinit$$0000000A)
    __rt_lib_init_lc_collate_1               0x00000133   Thumb Code     0  libinit2.o(.ARM.Collect$$libinit$$00000011)
    __rt_lib_init_lc_ctype_1                 0x00000133   Thumb Code     0  libinit2.o(.ARM.Collect$$libinit$$00000013)
    __rt_lib_init_lc_monetary_1              0x00000133   Thumb Code     0  libinit2.o(.ARM.Collect$$libinit$$00000015)
    __rt_lib_init_lc_numeric_1               0x00000133   Thumb Code     0  libinit2.o(.ARM.Collect$$libinit$$00000017)
    __rt_lib_init_lc_time_1                  0x00000133   Thumb Code     0  libinit2.o(.ARM.Collect$$libinit$$00000019)
    __rt_lib_init_preinit_1                  0x00000133   Thumb Code     0  libinit2.o(.ARM.Collect$$libinit$$00000004)
    __rt_lib_init_rand_1                     0x00000133   Thumb Code     0  libinit2.o(.ARM.Collect$$libinit$$0000000E)
    __rt_lib_init_return                     0x00000133   Thumb Code     0  libinit2.o(.ARM.Collect$$libinit$$00000033)
    __rt_lib_init_signal_1                   0x00000133   Thumb Code     0  libinit2.o(.ARM.Collect$$libinit$$0000001D)
    __rt_lib_init_stdio_1                    0x00000133   Thumb Code     0  libinit2.o(.ARM.Collect$$libinit$$00000025)
    __rt_lib_init_user_alloc_1               0x00000133   Thumb Code     0  libinit2.o(.ARM.Collect$$libinit$$0000000C)
    __rt_lib_shutdown                        0x00000135   Thumb Code     0  libshutdown.o(.ARM.Collect$$libshutdown$$00000000)
    __rt_lib_shutdown_cpp_1                  0x00000137   Thumb Code     0  libshutdown2.o(.ARM.Collect$$libshutdown$$00000002)
    __rt_lib_shutdown_fp_trap_1              0x00000137   Thumb Code     0  libshutdown2.o(.ARM.Collect$$libshutdown$$00000007)
    __rt_lib_shutdown_heap_1                 0x00000137   Thumb Code     0  libshutdown2.o(.ARM.Collect$$libshutdown$$0000000F)
    __rt_lib_shutdown_return                 0x00000137   Thumb Code     0  libshutdown2.o(.ARM.Collect$$libshutdown$$00000010)
    __rt_lib_shutdown_signal_1               0x00000137   Thumb Code     0  libshutdown2.o(.ARM.Collect$$libshutdown$$0000000A)
    __rt_lib_shutdown_stdio_1                0x00000137   Thumb Code     0  libshutdown2.o(.ARM.Collect$$libshutdown$$00000004)
    __rt_lib_shutdown_user_alloc_1           0x00000137   Thumb Code     0  libshutdown2.o(.ARM.Collect$$libshutdown$$0000000C)
    __rt_entry                               0x00000139   Thumb Code     0  __rtentry.o(.ARM.Collect$$rtentry$$00000000)
    __rt_entry_presh_1                       0x00000139   Thumb Code     0  __rtentry2.o(.ARM.Collect$$rtentry$$00000002)
    __rt_entry_sh                            0x00000139   Thumb Code     0  __rtentry4.o(.ARM.Collect$$rtentry$$00000004)
    __rt_entry_li                            0x0000013f   Thumb Code     0  __rtentry2.o(.ARM.Collect$$rtentry$$0000000A)
    __rt_entry_postsh_1                      0x0000013f   Thumb Code     0  __rtentry2.o(.ARM.Collect$$rtentry$$00000009)
    __rt_entry_main                          0x00000143   Thumb Code     0  __rtentry2.o(.ARM.Collect$$rtentry$$0000000D)
    __rt_entry_postli_1                      0x00000143   Thumb Code     0  __rtentry2.o(.ARM.Collect$$rtentry$$0000000C)
    __rt_exit                                0x0000014b   Thumb Code     0  rtexit.o(.ARM.Collect$$rtexit$$00000000)
    __rt_exit_ls                             0x0000014d   Thumb Code     0  rtexit2.o(.ARM.Collect$$rtexit$$00000003)
    __rt_exit_prels_1                        0x0000014d   Thumb Code     0  rtexit2.o(.ARM.Collect$$rtexit$$00000002)
    __rt_exit_exit                           0x00000151   Thumb Code     0  rtexit2.o(.ARM.Collect$$rtexit$$00000004)
    HardFault_Handler                        0x00000159   Thumb Code    24  retarget.o(.emb_text)
    Reset_Handler                            0x00000175   Thumb Code    28  startup_nano100series.o(.text)
    NMI_Handler                              0x00000191   Thumb Code     2  startup_nano100series.o(.text)
    SVC_Handler                              0x00000195   Thumb Code     2  startup_nano100series.o(.text)
    PendSV_Handler                           0x00000197   Thumb Code     2  startup_nano100series.o(.text)
    ADC_IRQHandler                           0x0000019b   Thumb Code     0  startup_nano100series.o(.text)
    BOD_IRQHandler                           0x0000019b   Thumb Code     0  startup_nano100series.o(.text)
    DAC_IRQHandler                           0x0000019b   Thumb Code     0  startup_nano100series.o(.text)
    EINT0_IRQHandler                         0x0000019b   Thumb Code     0  startup_nano100series.o(.text)
    EINT1_IRQHandler                         0x0000019b   Thumb Code     0  startup_nano100series.o(.text)
    GPABC_IRQHandler                         0x0000019b   Thumb Code     0  startup_nano100series.o(.text)
    GPDEF_IRQHandler                         0x0000019b   Thumb Code     0  startup_nano100series.o(.text)
    HIRC_IRQHandler                          0x0000019b   Thumb Code     0  startup_nano100series.o(.text)
    I2C0_IRQHandler                          0x0000019b   Thumb Code     0  startup_nano100series.o(.text)
    I2C1_IRQHandler                          0x0000019b   Thumb Code     0  startup_nano100series.o(.text)
    I2S_IRQHandler                           0x0000019b   Thumb Code     0  startup_nano100series.o(.text)
    LCD_IRQHandler                           0x0000019b   Thumb Code     0  startup_nano100series.o(.text)
    PDMA_IRQHandler                          0x0000019b   Thumb Code     0  startup_nano100series.o(.text)
    PDWU_IRQHandler                          0x0000019b   Thumb Code     0  startup_nano100series.o(.text)
    PWM0_IRQHandler                          0x0000019b   Thumb Code     0  startup_nano100series.o(.text)
    PWM1_IRQHandler                          0x0000019b   Thumb Code     0  startup_nano100series.o(.text)
    RTC_IRQHandler                           0x0000019b   Thumb Code     0  startup_nano100series.o(.text)
    SC0_IRQHandler                           0x0000019b   Thumb Code     0  startup_nano100series.o(.text)
    SC1_IRQHandler                           0x0000019b   Thumb Code     0  startup_nano100series.o(.text)
    SC2_IRQHandler                           0x0000019b   Thumb Code     0  startup_nano100series.o(.text)
    SPI1_IRQHandler                          0x0000019b   Thumb Code     0  startup_nano100series.o(.text)
    SPI2_IRQHandler                          0x0000019b   Thumb Code     0  startup_nano100series.o(.text)
    TMR0_IRQHandler                          0x0000019b   Thumb Code     0  startup_nano100series.o(.text)
    TMR1_IRQHandler                          0x0000019b   Thumb Code     0  startup_nano100series.o(.text)
    TMR2_IRQHandler                          0x0000019b   Thumb Code     0  startup_nano100series.o(.text)
    TMR3_IRQHandler                          0x0000019b   Thumb Code     0  startup_nano100series.o(.text)
    UART0_IRQHandler                         0x0000019b   Thumb Code     0  startup_nano100series.o(.text)
    UART1_IRQHandler                         0x0000019b   Thumb Code     0  startup_nano100series.o(.text)
    WDT_IRQHandler                           0x0000019b   Thumb Code     0  startup_nano100series.o(.text)
    __user_initial_stackheap                 0x0000019d   Thumb Code     0  startup_nano100series.o(.text)
    __2printf                                0x000001d5   Thumb Code    22  noretval__2printf.o(.text)
    _printf_int_hex                          0x000001f1   Thumb Code    84  _printf_hex_int.o(.text)
    _printf_longlong_hex                     0x000001f1   Thumb Code     0  _printf_hex_int.o(.text)
    __printf                                 0x00000249   Thumb Code   270  __printf_wp.o(.text)
    __aeabi_uidiv                            0x00000357   Thumb Code     0  aeabi_sdiv.o(.text)
    __aeabi_uidivmod                         0x00000357   Thumb Code    20  aeabi_sdiv.o(.text)
    __aeabi_idiv                             0x0000036b   Thumb Code     0  aeabi_sdiv.o(.text)
    __aeabi_idivmod                          0x0000036b   Thumb Code   326  aeabi_sdiv.o(.text)
    __use_two_region_memory                  0x000004b1   Thumb Code     2  heapauxi.o(.text)
    __rt_heap_escrow$2region                 0x000004b3   Thumb Code     2  heapauxi.o(.text)
    __rt_heap_expand$2region                 0x000004b5   Thumb Code     2  heapauxi.o(.text)
    _printf_int_common                       0x000004b7   Thumb Code   176  _printf_intcommon.o(.text)
    _printf_char_file                        0x00000569   Thumb Code    34  _printf_char_file.o(.text)
    _printf_char_common                      0x0000059b   Thumb Code    32  _printf_char_common.o(.text)
    __user_setup_stackheap                   0x000005c1   Thumb Code    62  sys_stackheap_outer.o(.text)
    exit                                     0x000005ff   Thumb Code    16  exit.o(.text)
    __user_libspace                          0x00000611   Thumb Code     8  libspace.o(.text)
    __user_perproc_libspace                  0x00000611   Thumb Code     0  libspace.o(.text)
    __user_perthread_libspace                0x00000611   Thumb Code     0  libspace.o(.text)
    _sys_exit                                0x00000619   Thumb Code     8  sys_exit.o(.text)
    __I$use$semihosting                      0x00000625   Thumb Code     0  use_no_semi.o(.text)
    __use_no_semihosting_swi                 0x00000625   Thumb Code     2  use_no_semi.o(.text)
    __decompress                             0x00000627   Thumb Code     0  __dczerorl2.o(.text)
    __decompress1                            0x00000627   Thumb Code    86  __dczerorl2.o(.text)
    __semihosting_library_function           0x00000627   Thumb Code     0  indicate_semi.o(.text)
    CLK_EnableModuleClock                    0x0000067d   Thumb Code    32  clk.o(i.CLK_EnableModuleClock)
    CLK_EnablePLL                            0x000006a1   Thumb Code   200  clk.o(i.CLK_EnablePLL)
    CLK_EnableXtalRC                         0x00000781   Thumb Code    72  clk.o(i.CLK_EnableXtalRC)
    CLK_GetHCLKFreq                          0x000007cd   Thumb Code    12  clk.o(i.CLK_GetHCLKFreq)
    CLK_GetPLLClockFreq                      0x000007dd   Thumb Code   120  clk.o(i.CLK_GetPLLClockFreq)
    CLK_SetHCLK                              0x0000085d   Thumb Code    94  clk.o(i.CLK_SetHCLK)
    CLK_SetModuleClock                       0x000008c1   Thumb Code    94  clk.o(i.CLK_SetModuleClock)
    CLK_SysTickDelay                         0x00000925   Thumb Code    42  clk.o(i.CLK_SysTickDelay)
    CLK_WaitClockReady                       0x00000959   Thumb Code    32  clk.o(i.CLK_WaitClockReady)
    EP2_Handler                              0x00000981   Thumb Code     8  hid_kb.o(i.EP2_Handler)
    HID_ClassRequest                         0x0000098d   Thumb Code   150  hid_kb.o(i.HID_ClassRequest)
    HID_Init                                 0x00000a29   Thumb Code    40  hid_kb.o(i.HID_Init)
    HID_Send                                 0x00000a55   Thumb Code    54  main.o(i.HID_Send)
    Hard_Fault_Handler                       0x00000a95   Thumb Code    18  retarget.o(i.Hard_Fault_Handler)
    SPI0_IRQHandler                          0x00000b39   Thumb Code     2  rfinput.o(i.SPI0_IRQHandler)
    SPI_EnableFIFO                           0x00000b3b   Thumb Code    32  spi.o(i.SPI_EnableFIFO)
    SPI_Open                                 0x00000b5b   Thumb Code    34  spi.o(i.SPI_Open)
    SPI_SetBusClock                          0x00000b7d   Thumb Code   158  spi.o(i.SPI_SetBusClock)
    SYS_Init                                 0x00000c29   Thumb Code   112  main.o(i.SYS_Init)
    SYS_ResetModule                          0x00000ca9   Thumb Code    48  sys.o(i.SYS_ResetModule)
    SendChar                                 0x00000cf9   Thumb Code    12  retarget.o(i.SendChar)
    SendChar_ToUART                          0x00000d05   Thumb Code    48  retarget.o(i.SendChar_ToUART)
    SysGet_HCLKFreq                          0x00000d39   Thumb Code    68  system_nano100series.o(i.SysGet_HCLKFreq)
    SysGet_PLLClockFreq                      0x00000d89   Thumb Code   120  system_nano100series.o(i.SysGet_PLLClockFreq)
    SysTick_Handler                          0x00000e09   Thumb Code    12  main.o(i.SysTick_Handler)
    SystemCoreClockUpdate                    0x00000e19   Thumb Code    30  system_nano100series.o(i.SystemCoreClockUpdate)
    UART0_Init                               0x00000e45   Thumb Code    20  main.o(i.UART0_Init)
    USBD_CtrlIn                              0x00000e61   Thumb Code   172  usbd.o(i.USBD_CtrlIn)
    USBD_CtrlOut                             0x00000f29   Thumb Code    56  usbd.o(i.USBD_CtrlOut)
    USBD_GetDescriptor                       0x00000f75   Thumb Code   394  usbd.o(i.USBD_GetDescriptor)
    USBD_GetSetupPacket                      0x0000110d   Thumb Code    16  usbd.o(i.USBD_GetSetupPacket)
    USBD_IRQHandler                          0x00001121   Thumb Code   368  hid_kb.o(i.USBD_IRQHandler)
    USBD_Open                                0x000012ad   Thumb Code    62  usbd.o(i.USBD_Open)
    USBD_PrepareCtrlIn                       0x00001305   Thumb Code   114  usbd.o(i.USBD_PrepareCtrlIn)
    USBD_PrepareCtrlOut                      0x0000138d   Thumb Code    24  usbd.o(i.USBD_PrepareCtrlOut)
    USBD_ProcessSetupPacket                  0x000013b9   Thumb Code   104  usbd.o(i.USBD_ProcessSetupPacket)
    USBD_StandardRequest                     0x00001465   Thumb Code   788  usbd.o(i.USBD_StandardRequest)
    USBD_Start                               0x000017a9   Thumb Code    34  usbd.o(i.USBD_Start)
    USBD_SwReset                             0x000017d5   Thumb Code    70  usbd.o(i.USBD_SwReset)
    _is_digit                                0x00001839   Thumb Code    14  __printf_wp.o(i._is_digit)
    delay_ms                                 0x00001849   Thumb Code    18  main.o(i.delay_ms)
    ferror                                   0x00001861   Thumb Code     8  retarget.o(i.ferror)
    fputc                                    0x00001869   Thumb Code    16  retarget.o(i.fputc)
    init                                     0x00001879   Thumb Code    86  main.o(i.init)
    init_spi                                 0x000018e5   Thumb Code   182  rfinput.o(i.init_spi)
    main                                     0x000019a9   Thumb Code   124  main.o(i.main)
    nrf_config                               0x00001add   Thumb Code   322  rfinput.o(i.nrf_config)
    nrf_init                                 0x00001c45   Thumb Code   104  rfinput.o(i.nrf_init)
    nrf_input                                0x00001cc9   Thumb Code    86  rfinput.o(i.nrf_input)
    spi_cmd                                  0x00001d4d   Thumb Code    24  rfinput.o(i.spi_cmd)
    spi_getreg                               0x00001d69   Thumb Code    34  rfinput.o(i.spi_getreg)
    spi_setaddr                              0x00001d91   Thumb Code    70  rfinput.o(i.spi_setaddr)
    spi_setreg                               0x00001ddd   Thumb Code    36  rfinput.o(i.spi_setreg)
    stackDump                                0x00001e05   Thumb Code    70  retarget.o(i.stackDump)
    sw2                                      0x00001ead   Thumb Code    58  main.o(i.sw2)
    Region$$Table$$Base                      0x00001f38   Number         0  anon$$obj.o(Region$$Table)
    Region$$Table$$Limit                     0x00001f58   Number         0  anon$$obj.o(Region$$Table)
    tick                                     0x20000000   Data           4  main.o(.data)
    g_u8EP2Ready                             0x20000004   Data           1  main.o(.data)
    sta                                      0x20000005   Data           1  main.o(.data)
    HID_KeyboardReportDescriptor             0x20000008   Data          63  descriptors.o(.data)
    gu8DeviceDescriptor                      0x20000047   Data          18  descriptors.o(.data)
    gu8ConfigDescriptor                      0x20000059   Data          34  descriptors.o(.data)
    gu8StringLang                            0x2000007b   Data           4  descriptors.o(.data)
    gu8VendorStringDesc                      0x2000007f   Data          16  descriptors.o(.data)
    gu8ProductStringDesc                     0x2000008f   Data          26  descriptors.o(.data)
    gpu8UsbString                            0x200000ac   Data          16  descriptors.o(.data)
    gu8UsbHidReport                          0x200000bc   Data          12  descriptors.o(.data)
    gu32UsbHidReportLen                      0x200000c8   Data          12  descriptors.o(.data)
    gu32ConfigHidDescIdx                     0x200000d4   Data          12  descriptors.o(.data)
    gsInfo                                   0x200000e0   Data          24  descriptors.o(.data)
    aa                                       0x200000f8   Data           1  rfinput.o(.data)
    us                                       0x200000f9   Data           1  rfinput.o(.data)
    rt                                       0x200000fa   Data           1  rfinput.o(.data)
    ch                                       0x200000fb   Data           1  rfinput.o(.data)
    bps                                      0x200000fc   Data           1  rfinput.o(.data)
    dbm                                      0x200000fd   Data           1  rfinput.o(.data)
    pw                                       0x200000fe   Data           1  rfinput.o(.data)
    nak                                      0x200000ff   Data           1  rfinput.o(.data)
    g_usbd_SetupPacket                       0x20000104   Data           8  usbd.o(.data)
    g_usbd_RemoteWakeupEn                    0x2000010c   Data           1  usbd.o(.data)
    g_usbd_UsbConfig                         0x20000130   Data           4  usbd.o(.data)
    g_usbd_sInfo                             0x20000134   Data           4  usbd.o(.data)
    g_usbd_pfnVendorRequest                  0x20000138   Data           4  usbd.o(.data)
    g_usbd_pfnClassRequest                   0x2000013c   Data           4  usbd.o(.data)
    g_usbd_pfnSetInterface                   0x20000140   Data           4  usbd.o(.data)
    g_u32EpStallLock                         0x20000144   Data           4  usbd.o(.data)
    __stdout                                 0x20000148   Data           4  retarget.o(.data)
    __stdin                                  0x2000014c   Data           4  retarget.o(.data)
    SystemCoreClock                          0x20000150   Data           4  system_nano100series.o(.data)
    CyclesPerUs                              0x20000154   Data           4  system_nano100series.o(.data)
    __libspace_start                         0x20000158   Data          96  libspace.o(.bss)
    __temporary_stack_top$libspace           0x200001b8   Data           0  libspace.o(.bss)



==============================================================================

Memory Map of the image

  Image Entry point : 0x00000175

  Load Region LR_1 (Base: 0x00000000, Size: 0x000020b0, Max: 0xffffffff, ABSOLUTE, COMPRESSED[0x00002028])

    Execution Region ER_RO (Base: 0x00000000, Size: 0x00001f58, Max: 0xffffffff, ABSOLUTE)

    Base Addr    Size         Type   Attr      Idx    E Section Name        Object

    0x00000000   0x000000c0   Data   RO          924    RESET               startup_nano100series.o
    0x000000c0   0x00000008   Code   RO         1147  * !!!main             c_p.l(__main.o)
    0x000000c8   0x0000003c   Code   RO         1325    !!!scatter          c_p.l(__scatter.o)
    0x00000104   0x0000001c   Code   RO         1327    !!handler_zi        c_p.l(__scatter_zi.o)
    0x00000120   0x00000002   Code   RO         1140    .ARM.Collect$$_printf_percent$$00000000  c_p.l(_printf_percent.o)
    0x00000122   0x0000000a   Code   RO         1139    .ARM.Collect$$_printf_percent$$0000000C  c_p.l(_printf_x.o)
    0x0000012c   0x00000004   Code   RO         1158    .ARM.Collect$$_printf_percent$$00000017  c_p.l(_printf_percent_end.o)
    0x00000130   0x00000002   Code   RO         1194    .ARM.Collect$$libinit$$00000000  c_p.l(libinit.o)
    0x00000132   0x00000000   Code   RO         1208    .ARM.Collect$$libinit$$00000002  c_p.l(libinit2.o)
    0x00000132   0x00000000   Code   RO         1210    .ARM.Collect$$libinit$$00000004  c_p.l(libinit2.o)
    0x00000132   0x00000000   Code   RO         1213    .ARM.Collect$$libinit$$0000000A  c_p.l(libinit2.o)
    0x00000132   0x00000000   Code   RO         1215    .ARM.Collect$$libinit$$0000000C  c_p.l(libinit2.o)
    0x00000132   0x00000000   Code   RO         1217    .ARM.Collect$$libinit$$0000000E  c_p.l(libinit2.o)
    0x00000132   0x00000000   Code   RO         1220    .ARM.Collect$$libinit$$00000011  c_p.l(libinit2.o)
    0x00000132   0x00000000   Code   RO         1222    .ARM.Collect$$libinit$$00000013  c_p.l(libinit2.o)
    0x00000132   0x00000000   Code   RO         1224    .ARM.Collect$$libinit$$00000015  c_p.l(libinit2.o)
    0x00000132   0x00000000   Code   RO         1226    .ARM.Collect$$libinit$$00000017  c_p.l(libinit2.o)
    0x00000132   0x00000000   Code   RO         1228    .ARM.Collect$$libinit$$00000019  c_p.l(libinit2.o)
    0x00000132   0x00000000   Code   RO         1230    .ARM.Collect$$libinit$$0000001B  c_p.l(libinit2.o)
    0x00000132   0x00000000   Code   RO         1232    .ARM.Collect$$libinit$$0000001D  c_p.l(libinit2.o)
    0x00000132   0x00000000   Code   RO         1234    .ARM.Collect$$libinit$$0000001F  c_p.l(libinit2.o)
    0x00000132   0x00000000   Code   RO         1236    .ARM.Collect$$libinit$$00000021  c_p.l(libinit2.o)
    0x00000132   0x00000000   Code   RO         1238    .ARM.Collect$$libinit$$00000023  c_p.l(libinit2.o)
    0x00000132   0x00000000   Code   RO         1240    .ARM.Collect$$libinit$$00000025  c_p.l(libinit2.o)
    0x00000132   0x00000000   Code   RO         1244    .ARM.Collect$$libinit$$0000002C  c_p.l(libinit2.o)
    0x00000132   0x00000000   Code   RO         1246    .ARM.Collect$$libinit$$0000002E  c_p.l(libinit2.o)
    0x00000132   0x00000000   Code   RO         1248    .ARM.Collect$$libinit$$00000030  c_p.l(libinit2.o)
    0x00000132   0x00000000   Code   RO         1250    .ARM.Collect$$libinit$$00000032  c_p.l(libinit2.o)
    0x00000132   0x00000002   Code   RO         1251    .ARM.Collect$$libinit$$00000033  c_p.l(libinit2.o)
    0x00000134   0x00000002   Code   RO         1280    .ARM.Collect$$libshutdown$$00000000  c_p.l(libshutdown.o)
    0x00000136   0x00000000   Code   RO         1306    .ARM.Collect$$libshutdown$$00000002  c_p.l(libshutdown2.o)
    0x00000136   0x00000000   Code   RO         1308    .ARM.Collect$$libshutdown$$00000004  c_p.l(libshutdown2.o)
    0x00000136   0x00000000   Code   RO         1311    .ARM.Collect$$libshutdown$$00000007  c_p.l(libshutdown2.o)
    0x00000136   0x00000000   Code   RO         1314    .ARM.Collect$$libshutdown$$0000000A  c_p.l(libshutdown2.o)
    0x00000136   0x00000000   Code   RO         1316    .ARM.Collect$$libshutdown$$0000000C  c_p.l(libshutdown2.o)
    0x00000136   0x00000000   Code   RO         1319    .ARM.Collect$$libshutdown$$0000000F  c_p.l(libshutdown2.o)
    0x00000136   0x00000002   Code   RO         1320    .ARM.Collect$$libshutdown$$00000010  c_p.l(libshutdown2.o)
    0x00000138   0x00000000   Code   RO         1149    .ARM.Collect$$rtentry$$00000000  c_p.l(__rtentry.o)
    0x00000138   0x00000000   Code   RO         1160    .ARM.Collect$$rtentry$$00000002  c_p.l(__rtentry2.o)
    0x00000138   0x00000006   Code   RO         1172    .ARM.Collect$$rtentry$$00000004  c_p.l(__rtentry4.o)
    0x0000013e   0x00000000   Code   RO         1162    .ARM.Collect$$rtentry$$00000009  c_p.l(__rtentry2.o)
    0x0000013e   0x00000004   Code   RO         1163    .ARM.Collect$$rtentry$$0000000A  c_p.l(__rtentry2.o)
    0x00000142   0x00000000   Code   RO         1165    .ARM.Collect$$rtentry$$0000000C  c_p.l(__rtentry2.o)
    0x00000142   0x00000008   Code   RO         1166    .ARM.Collect$$rtentry$$0000000D  c_p.l(__rtentry2.o)
    0x0000014a   0x00000002   Code   RO         1199    .ARM.Collect$$rtexit$$00000000  c_p.l(rtexit.o)
    0x0000014c   0x00000000   Code   RO         1255    .ARM.Collect$$rtexit$$00000002  c_p.l(rtexit2.o)
    0x0000014c   0x00000004   Code   RO         1256    .ARM.Collect$$rtexit$$00000003  c_p.l(rtexit2.o)
    0x00000150   0x00000006   Code   RO         1257    .ARM.Collect$$rtexit$$00000004  c_p.l(rtexit2.o)
    0x00000156   0x00000002   PAD
    0x00000158   0x0000001c   Code   RO          833    .emb_text           retarget.o
    0x00000174   0x00000060   Code   RO          925  * .text               startup_nano100series.o
    0x000001d4   0x0000001c   Code   RO         1094    .text               c_p.l(noretval__2printf.o)
    0x000001f0   0x00000058   Code   RO         1101    .text               c_p.l(_printf_hex_int.o)
    0x00000248   0x0000010e   Code   RO         1127    .text               c_p.l(__printf_wp.o)
    0x00000356   0x0000015a   Code   RO         1141    .text               c_p.l(aeabi_sdiv.o)
    0x000004b0   0x00000006   Code   RO         1145    .text               c_p.l(heapauxi.o)
    0x000004b6   0x000000b0   Code   RO         1154    .text               c_p.l(_printf_intcommon.o)
    0x00000566   0x00000002   PAD
    0x00000568   0x00000028   Code   RO         1156    .text               c_p.l(_printf_char_file.o)
    0x00000590   0x00000030   Code   RO         1176    .text               c_p.l(_printf_char_common.o)
    0x000005c0   0x0000003e   Code   RO         1178    .text               c_p.l(sys_stackheap_outer.o)
    0x000005fe   0x00000010   Code   RO         1183    .text               c_p.l(exit.o)
    0x0000060e   0x00000002   PAD
    0x00000610   0x00000008   Code   RO         1195    .text               c_p.l(libspace.o)
    0x00000618   0x0000000c   Code   RO         1252    .text               c_p.l(sys_exit.o)
    0x00000624   0x00000002   Code   RO         1269    .text               c_p.l(use_no_semi.o)
    0x00000626   0x00000000   Code   RO         1271    .text               c_p.l(indicate_semi.o)
    0x00000626   0x00000056   Code   RO         1323    .text               c_p.l(__dczerorl2.o)
    0x0000067c   0x00000024   Code   RO          373    i.CLK_EnableModuleClock  clk.o
    0x000006a0   0x000000e0   Code   RO          374    i.CLK_EnablePLL     clk.o
    0x00000780   0x0000004c   Code   RO          376    i.CLK_EnableXtalRC  clk.o
    0x000007cc   0x00000010   Code   RO          378    i.CLK_GetHCLKFreq   clk.o
    0x000007dc   0x00000080   Code   RO          381    i.CLK_GetPLLClockFreq  clk.o
    0x0000085c   0x00000064   Code   RO          385    i.CLK_SetHCLK       clk.o
    0x000008c0   0x00000064   Code   RO          386    i.CLK_SetModuleClock  clk.o
    0x00000924   0x00000034   Code   RO          387    i.CLK_SysTickDelay  clk.o
    0x00000958   0x00000028   Code   RO          388    i.CLK_WaitClockReady  clk.o
    0x00000980   0x0000000c   Code   RO          176    i.EP2_Handler       hid_kb.o
    0x0000098c   0x0000009c   Code   RO          177    i.HID_ClassRequest  hid_kb.o
    0x00000a28   0x0000002c   Code   RO          178    i.HID_Init          hid_kb.o
    0x00000a54   0x00000040   Code   RO            3    i.HID_Send          main.o
    0x00000a94   0x0000002c   Code   RO          835    i.Hard_Fault_Handler  retarget.o
    0x00000ac0   0x00000078   Code   RO            4    i.NVIC_SetPriority  main.o
    0x00000b38   0x00000002   Code   RO          282    i.SPI0_IRQHandler   rfinput.o
    0x00000b3a   0x00000020   Code   RO          977    i.SPI_EnableFIFO    spi.o
    0x00000b5a   0x00000022   Code   RO          981    i.SPI_Open          spi.o
    0x00000b7c   0x000000ac   Code   RO          982    i.SPI_SetBusClock   spi.o
    0x00000c28   0x00000080   Code   RO            5    i.SYS_Init          main.o
    0x00000ca8   0x00000030   Code   RO          629    i.SYS_ResetModule   sys.o
    0x00000cd8   0x00000020   Code   RO            6    i.SYS_UnlockReg     main.o
    0x00000cf8   0x0000000c   Code   RO          837    i.SendChar          retarget.o
    0x00000d04   0x00000034   Code   RO          838    i.SendChar_ToUART   retarget.o
    0x00000d38   0x00000050   Code   RO          931    i.SysGet_HCLKFreq   system_nano100series.o
    0x00000d88   0x00000080   Code   RO          932    i.SysGet_PLLClockFreq  system_nano100series.o
    0x00000e08   0x00000010   Code   RO            7    i.SysTick_Handler   main.o
    0x00000e18   0x0000002c   Code   RO          933    i.SystemCoreClockUpdate  system_nano100series.o
    0x00000e44   0x0000001c   Code   RO            8    i.UART0_Init        main.o
    0x00000e60   0x000000c8   Code   RO          704    i.USBD_CtrlIn       usbd.o
    0x00000f28   0x0000004c   Code   RO          705    i.USBD_CtrlOut      usbd.o
    0x00000f74   0x00000198   Code   RO          706    i.USBD_GetDescriptor  usbd.o
    0x0000110c   0x00000014   Code   RO          707    i.USBD_GetSetupPacket  usbd.o
    0x00001120   0x00000174   Code   RO          179    i.USBD_IRQHandler   hid_kb.o
    0x00001294   0x00000016   Code   RO          709    i.USBD_MemCopy      usbd.o
    0x000012aa   0x00000002   PAD
    0x000012ac   0x00000058   Code   RO          710    i.USBD_Open         usbd.o
    0x00001304   0x00000088   Code   RO          711    i.USBD_PrepareCtrlIn  usbd.o
    0x0000138c   0x0000002c   Code   RO          712    i.USBD_PrepareCtrlOut  usbd.o
    0x000013b8   0x0000007c   Code   RO          713    i.USBD_ProcessSetupPacket  usbd.o
    0x00001434   0x00000030   Code   RO          180    i.USBD_SetStall     hid_kb.o
    0x00001464   0x00000344   Code   RO          715    i.USBD_StandardRequest  usbd.o
    0x000017a8   0x0000002c   Code   RO          716    i.USBD_Start        usbd.o
    0x000017d4   0x00000064   Code   RO          717    i.USBD_SwReset      usbd.o
    0x00001838   0x0000000e   Code   RO         1129    i._is_digit         c_p.l(__printf_wp.o)
    0x00001846   0x00000002   PAD
    0x00001848   0x00000018   Code   RO            9    i.delay_ms          main.o
    0x00001860   0x00000008   Code   RO          840    i.ferror            retarget.o
    0x00001868   0x00000010   Code   RO          842    i.fputc             retarget.o
    0x00001878   0x0000006c   Code   RO           10    i.init              main.o
    0x000018e4   0x000000c4   Code   RO          283    i.init_spi          rfinput.o
    0x000019a8   0x00000134   Code   RO           11    i.main              main.o
    0x00001adc   0x00000168   Code   RO          284    i.nrf_config        rfinput.o
    0x00001c44   0x00000084   Code   RO          285    i.nrf_init          rfinput.o
    0x00001cc8   0x0000005c   Code   RO          286    i.nrf_input         rfinput.o
    0x00001d24   0x00000028   Code   RO          288    i.spi               rfinput.o
    0x00001d4c   0x0000001c   Code   RO          289    i.spi_cmd           rfinput.o
    0x00001d68   0x00000028   Code   RO          290    i.spi_getreg        rfinput.o
    0x00001d90   0x0000004c   Code   RO          291    i.spi_setaddr       rfinput.o
    0x00001ddc   0x00000028   Code   RO          292    i.spi_setreg        rfinput.o
    0x00001e04   0x000000a8   Code   RO          844    i.stackDump         retarget.o
    0x00001eac   0x00000044   Code   RO           12    i.sw2               main.o
    0x00001ef0   0x00000010   Data   RO           13    .constdata          main.o
    0x00001f00   0x00000010   Data   RO          389    .constdata          clk.o
    0x00001f10   0x00000028   Data   RO         1102    .constdata          c_p.l(_printf_hex_int.o)
    0x00001f38   0x00000020   Data   RO         1321    Region$$Table       anon$$obj.o


    Execution Region ER_RW (Base: 0x20000000, Size: 0x00000158, Max: 0xffffffff, ABSOLUTE, COMPRESSED[0x000000d0])

    Base Addr    Size         Type   Attr      Idx    E Section Name        Object

    0x20000000   0x00000006   Data   RW           14    .data               main.o
    0x20000006   0x00000002   PAD
    0x20000008   0x000000f0   Data   RW          236    .data               descriptors.o
    0x200000f8   0x0000000a   Data   RW          293    .data               rfinput.o
    0x20000102   0x00000002   PAD
    0x20000104   0x00000044   Data   RW          718    .data               usbd.o
    0x20000148   0x00000008   Data   RW          845    .data               retarget.o
    0x20000150   0x00000008   Data   RW          934    .data               system_nano100series.o


    Execution Region ER_ZI (Base: 0x20000158, Size: 0x00000a60, Max: 0xffffffff, ABSOLUTE)

    Base Addr    Size         Type   Attr      Idx    E Section Name        Object

    0x20000158   0x00000060   Zero   RW         1196    .bss                c_p.l(libspace.o)
    0x200001b8   0x00000500   Zero   RW          923    HEAP                startup_nano100series.o
    0x200006b8   0x00000500   Zero   RW          922    STACK               startup_nano100series.o


==============================================================================

Image component sizes


      Code (inc. data)   RO Data    RW Data    ZI Data      Debug   Object Name

       772         74         16          0          0       5974   clk.o
         0          0          0        240          0       6549   descriptors.o
       632         24          0          0          0       2426   hid_kb.o
       896        276         16          6          0     155552   main.o
       328        132          0          8          0       5125   retarget.o
      1006        112          0         10          0      33776   rfinput.o
       238         14          0          0          0     113862   spi.o
        96         46        192          0       2560        628   startup_nano100series.o
        48          0          0          0          0        506   sys.o
       252         34          0          8          0       2166   system_nano100series.o
      2098        242          0         68          0      14417   usbd.o

    ----------------------------------------------------------------------
      6368        954        256        344       2560     340981   Object Totals
         0          0         32          0          0          0   (incl. Generated)
         2          0          0          4          0          0   (incl. Padding)

    ----------------------------------------------------------------------

      Code (inc. data)   RO Data    RW Data    ZI Data      Debug   Library Member Name

        86          0          0          0          0          0   __dczerorl2.o
         8          0          0          0          0         68   __main.o
       284          0          0          0          0        136   __printf_wp.o
         0          0          0          0          0          0   __rtentry.o
        12          0          0          0          0          0   __rtentry2.o
         6          0          0          0          0          0   __rtentry4.o
        60          8          0          0          0          0   __scatter.o
        28          0          0          0          0          0   __scatter_zi.o
        48          6          0          0          0         88   _printf_char_common.o
        40          6          0          0          0         72   _printf_char_file.o
        88          4         40          0          0         72   _printf_hex_int.o
       176          0          0          0          0         84   _printf_intcommon.o
         2          0          0          0          0          0   _printf_percent.o
         4          0          0          0          0          0   _printf_percent_end.o
        10          0          0          0          0          0   _printf_x.o
       346          0          0          0          0         92   aeabi_sdiv.o
        16          0          0          0          0         68   exit.o
         6          0          0          0          0        136   heapauxi.o
         0          0          0          0          0          0   indicate_semi.o
         2          0          0          0          0          0   libinit.o
         2          0          0          0          0          0   libinit2.o
         2          0          0          0          0          0   libshutdown.o
         2          0          0          0          0          0   libshutdown2.o
         8          4          0          0         96         68   libspace.o
        28          6          0          0          0         84   noretval__2printf.o
         2          0          0          0          0          0   rtexit.o
        10          0          0          0          0          0   rtexit2.o
        12          4          0          0          0         60   sys_exit.o
        62          0          0          0          0         80   sys_stackheap_outer.o
         2          0          0          0          0         68   use_no_semi.o

    ----------------------------------------------------------------------
      1360         38         40          0         96       1176   Library Totals
         8          0          0          0          0          0   (incl. Padding)

    ----------------------------------------------------------------------

      Code (inc. data)   RO Data    RW Data    ZI Data      Debug   Library Name

      1352         38         40          0         96       1176   c_p.l

    ----------------------------------------------------------------------
      1360         38         40          0         96       1176   Library Totals

    ----------------------------------------------------------------------

==============================================================================


      Code (inc. data)   RO Data    RW Data    ZI Data      Debug   

      7728        992        296        344       2656     339193   Grand Totals
      7728        992        296        208       2656     339193   ELF Image Totals (compressed)
      7728        992        296        208          0          0   ROM Totals

==============================================================================

    Total RO  Size (Code + RO Data)                 8024 (   7.84kB)
    Total RW  Size (RW Data + ZI Data)              3000 (   2.93kB)
    Total ROM Size (Code + RO Data + RW Data)       8232 (   8.04kB)

==============================================================================

